\BOOKMARK [0][-]{section*.2}{\376\377\000J\000o\000i\000n\000t\000\040\000C\000l\000u\000s\000t\000e\000r\000\040\000N\000u\000m\000b\000e\000r\000\040\000C\000o\000u\000n\000t\000s\000\040\000a\000n\000d\000\040\000M\000a\000s\000k\000e\000d\000\040\000T\000h\000e\000r\000m\000a\000l\000\040\000S\000u\000n\000y\000a\000e\000v\000-\000Z\000e\000l\000'\000d\000o\000v\000i\000c\000h\000\040\000P\000o\000w\000e\000r\000\040\000S\000p\000e\000c\000t\000r\000u\000m\000\040\000A\000n\000a\000l\000y\000s\000e\000s\000:\000\040\000V\000a\000l\000i\000d\000a\000t\000i\000o\000n\000\040\000o\000n\000\040\000S\000y\000n\000t\000h\000e\000t\000i\000c\000\040\000S\000k\000i\000e\000s\000\040\000a\000n\000d\000\040\000A\000p\000p\000l\000i\000c\000a\000t\000i\000o\000n\000\040\000t\000o\000\040\000t\000h\000e\000\040\000F\000L\000A\000M\000I\000N\000G\000O\000\040\000S\000i\000m\000u\000l\000a\000t\000i\000o\000n\000s}{}% 2
\BOOKMARK [1][-]{section*.1}{\376\377\000A\000b\000s\000t\000r\000a\000c\000t}{section*.2}% 1
\BOOKMARK [1][-]{section*.3}{\376\377\000I\000n\000t\000r\000o\000d\000u\000c\000t\000i\000o\000n}{section*.2}% 3
\BOOKMARK [1][-]{section*.4}{\376\377\000M\000e\000t\000h\000o\000d}{section*.2}% 4
\BOOKMARK [2][-]{section*.5}{\376\377\000O\000b\000s\000e\000r\000v\000a\000b\000l\000e\000s\000\040\000a\000n\000d\000\040\000t\000h\000e\000\040\000s\000p\000l\000i\000t\000\040\000h\000a\000l\000o\000\040\000p\000o\000p\000u\000l\000a\000t\000i\000o\000n}{section*.4}% 5
\BOOKMARK [2][-]{section*.6}{\376\377\000C\000o\000m\000p\000t\000o\000n\000-\000y\000\040\000a\000n\000d\000\040\000t\000h\000e\000\040\000t\000S\000Z\000\040\000p\000o\000w\000e\000r\000\040\000s\000p\000e\000c\000t\000r\000u\000m}{section*.4}% 6
\BOOKMARK [2][-]{section*.7}{\376\377\000D\000e\000t\000e\000c\000t\000i\000o\000n\000\040\000s\000i\000g\000n\000i\000f\000i\000c\000a\000n\000c\000e\000\040\000a\000n\000d\000\040\000i\000n\000t\000r\000i\000n\000s\000i\000c\000\040\000s\000c\000a\000t\000t\000e\000r}{section*.4}% 7
\BOOKMARK [2][-]{section*.8}{\376\377\000C\000o\000n\000d\000i\000t\000i\000o\000n\000a\000l\000-\000m\000o\000m\000e\000n\000t\000\040\000m\000a\000s\000k\000i\000n\000g}{section*.4}% 8
\BOOKMARK [2][-]{section*.9}{\376\377\000C\000l\000u\000s\000t\000e\000r\000\040\000n\000u\000m\000b\000e\000r\000\040\000c\000o\000u\000n\000t\000s}{section*.4}% 9
\BOOKMARK [2][-]{section*.10}{\376\377\000P\000o\000w\000e\000r\000\040\000s\000p\000e\000c\000t\000r\000u\000m\000\040\000l\000i\000k\000e\000l\000i\000h\000o\000o\000d\000\040\000a\000n\000d\000\040\000j\000o\000i\000n\000t\000\040\000l\000i\000k\000e\000l\000i\000h\000o\000o\000d}{section*.4}% 10
\BOOKMARK [1][-]{section*.11}{\376\377\000V\000a\000l\000i\000d\000a\000t\000i\000o\000n\000\040\000o\000n\000\040\000s\000y\000n\000t\000h\000e\000t\000i\000c\000\040\000P\000l\000a\000n\000c\000k\000-\000l\000i\000k\000e\000\040\000s\000k\000i\000e\000s}{section*.2}% 11
\BOOKMARK [2][-]{section*.12}{\376\377\000H\000a\000l\000o\000-\000p\000a\000i\000n\000t\000i\000n\000g\000\040\000p\000i\000p\000e\000l\000i\000n\000e}{section*.11}% 12
\BOOKMARK [2][-]{section*.13}{\376\377\000M\000a\000s\000k\000i\000n\000g\000\040\000G\000a\000u\000s\000s\000i\000a\000n\000i\000s\000e\000s\000\040\000t\000h\000e\000\040\000b\000a\000n\000d\000p\000o\000w\000e\000r\000\040\000d\000i\000s\000t\000r\000i\000b\000u\000t\000i\000o\000n}{section*.11}% 13
\BOOKMARK [2][-]{section*.14}{\376\377\000J\000o\000i\000n\000t\000\040\000c\000o\000n\000s\000t\000r\000a\000i\000n\000t\000s\000:\000\040\000s\000i\000g\000n\000a\000l\000-\000o\000n\000l\000y\000\040\000c\000a\000s\000e}{section*.11}% 14
\BOOKMARK [2][-]{section*.15}{\376\377\000F\000o\000r\000e\000g\000r\000o\000u\000n\000d\000\040\000r\000e\000s\000i\000d\000u\000a\000l\000s\000\040\000l\000i\000m\000i\000t\000\040\000t\000h\000e\000\040\000j\000o\000i\000n\000t\000\040\000a\000n\000a\000l\000y\000s\000i\000s}{section*.11}% 15
\BOOKMARK [1][-]{section*.16}{\376\377\000A\000p\000p\000l\000i\000c\000a\000t\000i\000o\000n\000\040\000t\000o\000\040\000t\000h\000e\000\040\000F\000L\000A\000M\000I\000N\000G\000O\000\040\000s\000i\000m\000u\000l\000a\000t\000i\000o\000n\000s}{section*.2}% 16
\BOOKMARK [2][-]{section*.17}{\376\377\000S\000i\000m\000u\000l\000a\000t\000i\000o\000n\000s\000,\000\040\000m\000a\000p\000s\000,\000\040\000a\000n\000d\000\040\000c\000a\000t\000a\000l\000o\000g\000u\000e\000s}{section*.16}% 17
\BOOKMARK [2][-]{section*.18}{\376\377\000P\000r\000o\000g\000r\000e\000s\000s\000i\000v\000e\000\040\000S\000N\000R\000\040\000m\000a\000s\000k\000i\000n\000g\000\040\000o\000f\000\040\000t\000h\000e\000\040\000t\000S\000Z\000\040\000s\000p\000e\000c\000t\000r\000u\000m}{section*.16}% 18
\BOOKMARK [2][-]{section*.19}{\376\377\000I\000s\000o\000l\000a\000t\000i\000n\000g\000\040\000h\000a\000l\000o\000\040\000p\000o\000p\000u\000l\000a\000t\000i\000o\000n\000s\000:\000\040\000m\000a\000s\000s\000\040\000a\000n\000d\000\040\000r\000e\000d\000s\000h\000i\000f\000t\000\040\000m\000a\000s\000k\000i\000n\000g}{section*.16}% 19
\BOOKMARK [2][-]{section*.20}{\376\377\000P\000r\000o\000g\000r\000e\000s\000s\000i\000v\000e\000\040\000m\000a\000s\000k\000i\000n\000g\000\040\000o\000f\000\040\000a\000\040\000s\000i\000n\000g\000l\000e\000\040\000s\000k\000y\000\040\000a\000n\000d\000\040\000f\000e\000e\000d\000b\000a\000c\000k\000\040\000r\000e\000s\000p\000o\000n\000s\000e}{section*.16}% 20
\BOOKMARK [2][-]{section*.21}{\376\377\000M\000a\000s\000k\000i\000n\000g\000\040\000d\000e\000c\000o\000r\000r\000e\000l\000a\000t\000e\000s\000\040\000c\000o\000u\000n\000t\000s\000\040\000a\000n\000d\000\040\000p\000o\000w\000e\000r\000\040\000s\000p\000e\000c\000t\000r\000u\000m}{section*.16}% 21
\BOOKMARK [1][-]{section*.22}{\376\377\000D\000i\000s\000c\000u\000s\000s\000i\000o\000n}{section*.2}% 22
\BOOKMARK [1][-]{section*.23}{\376\377\000C\000o\000n\000c\000l\000u\000s\000i\000o\000n\000s}{section*.2}% 23
\BOOKMARK [1][-]{section*.24}{\376\377\000A\000c\000k\000n\000o\000w\000l\000e\000d\000g\000m\000e\000n\000t\000s}{section*.2}% 24
\BOOKMARK [1][-]{section*.25}{\376\377\000R\000e\000f\000e\000r\000e\000n\000c\000e\000s}{section*.2}% 25
