fgas-8sigma: group 0 shells 0-1 (4s)
fgas-8sigma: group 1 shells 2-4 (4s)
fgas-8sigma: group 2 shells 5-6 (5s)
fgas-8sigma: group 3 shells 7-9 (5s)
fgas-8sigma: group 4 shells 10-13 (5s)
fgas-8sigma: group 5 shells 14-16 (5s)
fgas-8sigma: group 6 shells 17-20 (5s)
fgas-8sigma: group 7 shells 21-24 (5s)
fgas-8sigma: group 8 shells 25-29 (5s)
fgas-8sigma: group 9 shells 30-35 (5s)
fgas-8sigma: group 10 shells 36-42 (5s)
fgas-8sigma: group 11 shells 43-50 (5s)
fgas-8sigma: group 12 shells 51-59 (5s)
fgas-8sigma: wrote /scratch/scratch-lxu/flamingo_repo/data/nb40_l1_m9_rotation_group_tsz_ps/fgas-8sigma.npz
Mstar-1sigma: group 0 shells 0-1 (4s)
Mstar-1sigma: group 1 shells 2-4 (4s)
Mstar-1sigma: group 2 shells 5-6 (4s)
Mstar-1sigma: group 3 shells 7-9 (4s)
Mstar-1sigma: group 4 shells 10-13 (4s)
Mstar-1sigma: group 5 shells 14-16 (4s)
Mstar-1sigma: group 6 shells 17-20 (4s)
Mstar-1sigma: group 7 shells 21-24 (5s)
Mstar-1sigma: group 8 shells 25-29 (5s)
Mstar-1sigma: group 9 shells 30-35 (5s)
Mstar-1sigma: group 10 shells 36-42 (5s)
Mstar-1sigma: group 11 shells 43-50 (5s)
Mstar-1sigma: group 12 shells 51-59 (5s)
Mstar-1sigma: wrote /scratch/scratch-lxu/flamingo_repo/data/nb40_l1_m9_rotation_group_tsz_ps/Mstar-1sigma.npz
Mstar-1sigma_fgas-4sigma: group 0 shells 0-1 (4s)
Mstar-1sigma_fgas-4sigma: group 1 shells 2-4 (4s)
Mstar-1sigma_fgas-4sigma: group 2 shells 5-6 (4s)
Mstar-1sigma_fgas-4sigma: group 3 shells 7-9 (4s)
Mstar-1sigma_fgas-4sigma: group 4 shells 10-13 (5s)
Mstar-1sigma_fgas-4sigma: group 5 shells 14-16 (5s)
Mstar-1sigma_fgas-4sigma: group 6 shells 17-20 (5s)
Mstar-1sigma_fgas-4sigma: group 7 shells 21-24 (5s)
Mstar-1sigma_fgas-4sigma: group 8 shells 25-29 (4s)
Mstar-1sigma_fgas-4sigma: group 9 shells 30-35 (4s)
Mstar-1sigma_fgas-4sigma: group 10 shells 36-42 (4s)
Mstar-1sigma_fgas-4sigma: group 11 shells 43-50 (4s)
Mstar-1sigma_fgas-4sigma: group 12 shells 51-59 (4s)
Mstar-1sigma_fgas-4sigma: wrote /scratch/scratch-lxu/flamingo_repo/data/nb40_l1_m9_rotation_group_tsz_ps/Mstar-1sigma_fgas-4sigma.npz
