
=== fullsky (q_cat=None) ===
Authorization required, but no authorization protocol specified

Authorization required, but no authorization protocol specified

Authorization required, but no authorization protocol specified

Authorization required, but no authorization protocol specified

[output] Output to be read-from/written-into folder '/scratch/scratch-lxu/flamingo_repo/chains/l1_m9_qfrommap_signal_only/fullsky', with prefix 'chain'
[mcmc] Getting initial point... (this may take a few seconds)
[mcmc] Initial point: H0:68.59075, sigma_8:0.8003491, n_s:0.9742778, omega_b:0.025013, Omega_m:0.3179522, A_SZ:-4.122191, alpha_SZ:1.12567, sigma_lnY:0.1753518
[model] Measuring speeds... (this may take a few seconds)
[model] Setting measured speeds (per sec): {flamingo.inference.masked_ps.MaskedBandPowerLikelihood: 23400.0, flamingo.inference.masked_ps.MaskedTSZTheory: 42.7}
[mcmc] Covariance matrix loaded for params ['H0', 'sigma_8', 'n_s', 'omega_b', 'Omega_m', 'A_SZ', 'alpha_SZ', 'sigma_lnY']
[mcmc] All parameters' covariance loaded from given covmat.
[mcmc] Sampling! (NB: no accepted step will be saved until 50 burn-in samples have been obtained)
[mcmc] Progress @ 2026-08-03 00:04:16 : 1 steps taken -- still burning in, 51 accepted steps left.
[mcmc] Finished burn-in phase: discarded 50 accepted steps.
[mcmc] Learn + convergence test @ 40 samples accepted.
[likelihoodcollection] Average computation time:
   flamingo.inference.masked_ps.MaskedBandPowerLikelihood : 5.60484e-05 s (185 evaluations, 0.010369 s total)
[theorycollection] Average computation time:
   flamingo.inference.masked_ps.MaskedTSZTheory : 0.0243539 s (185 evaluations, 4.50547 s total)
[mcmc]  - Acceptance rate: 0.405
[mcmc]  - Convergence of means: R-1 = 16.094954 after 32 accepted steps
[mcmc] Convergence less than requested for updates: waiting until the next convergence check.
[mcmc] Learn + convergence test @ 80 samples accepted.
[likelihoodcollection] Average computation time:
   flamingo.inference.masked_ps.MaskedBandPowerLikelihood : 5.61941e-05 s (287 evaluations, 0.0161277 s total)
[theorycollection] Average computation time:
   flamingo.inference.masked_ps.MaskedTSZTheory : 0.0244579 s (287 evaluations, 7.01941 s total)
[mcmc]  - Acceptance rate: 0.395
[mcmc]  - Convergence of means: R-1 = 4.236614 after 64 accepted steps
[mcmc] Convergence less than requested for updates: waiting until the next convergence check.
[mcmc] Learn + convergence test @ 120 samples accepted.
[likelihoodcollection] Average computation time:
   flamingo.inference.masked_ps.MaskedBandPowerLikelihood : 5.56356e-05 s (368 evaluations, 0.0204739 s total)
[theorycollection] Average computation time:
   flamingo.inference.masked_ps.MaskedTSZTheory : 0.0244867 s (368 evaluations, 9.01111 s total)
[mcmc]  - Acceptance rate: 0.423
[mcmc]  - Convergence of means: R-1 = 3.865539 after 96 accepted steps
[mcmc] Convergence less than requested for updates: waiting until the next convergence check.
[mcmc] Learn + convergence test @ 160 samples accepted.
[likelihoodcollection] Average computation time:
   flamingo.inference.masked_ps.MaskedBandPowerLikelihood : 5.50388e-05 s (446 evaluations, 0.0245473 s total)
[theorycollection] Average computation time:
   flamingo.inference.masked_ps.MaskedTSZTheory : 0.0243832 s (446 evaluations, 10.8749 s total)
[mcmc]  - Acceptance rate: 0.440
[mcmc]  - Convergence of means: R-1 = 7.180206 after 128 accepted steps
[mcmc] Convergence less than requested for updates: waiting until the next convergence check.
[mcmc] Learn + convergence test @ 200 samples accepted.
[likelihoodcollection] Average computation time:
   flamingo.inference.masked_ps.MaskedBandPowerLikelihood : 5.42754e-05 s (524 evaluations, 0.0284403 s total)
[theorycollection] Average computation time:
   flamingo.inference.masked_ps.MaskedTSZTheory : 0.0241982 s (524 evaluations, 12.6799 s total)
[mcmc]  - Acceptance rate: 0.447
[mcmc]  - Convergence of means: R-1 = 2.991887 after 160 accepted steps
[mcmc] Convergence less than requested for updates: waiting until the next convergence check.
[mcmc] Learn + convergence test @ 240 samples accepted.
[likelihoodcollection] Average computation time:
   flamingo.inference.masked_ps.MaskedBandPowerLikelihood : 5.3929e-05 s (613 evaluations, 0.0330585 s total)
[theorycollection] Average computation time:
   flamingo.inference.masked_ps.MaskedTSZTheory : 0.0241574 s (613 evaluations, 14.8085 s total)
[mcmc]  - Acceptance rate: 0.426
[mcmc]  - Convergence of means: R-1 = 4.384179 after 192 accepted steps
[mcmc] Convergence less than requested for updates: waiting until the next convergence check.
[mcmc] Learn + convergence test @ 280 samples accepted.
[likelihoodcollection] Average computation time:
   flamingo.inference.masked_ps.MaskedBandPowerLikelihood : 5.44649e-05 s (697 evaluations, 0.0379621 s total)
[theorycollection] Average computation time:
   flamingo.inference.masked_ps.MaskedTSZTheory : 0.0242176 s (697 evaluations, 16.8797 s total)
[mcmc]  - Acceptance rate: 0.427
[mcmc]  - Convergence of means: R-1 = 2.063737 after 224 accepted steps
[mcmc] Convergence less than requested for updates: waiting until the next convergence check.
[mcmc] Learn + convergence test @ 320 samples accepted.
[likelihoodcollection] Average computation time:
   flamingo.inference.masked_ps.MaskedBandPowerLikelihood : 5.44288e-05 s (785 evaluations, 0.0427266 s total)
[theorycollection] Average computation time:
   flamingo.inference.masked_ps.MaskedTSZTheory : 0.0242349 s (785 evaluations, 19.0244 s total)
[mcmc]  - Acceptance rate: 0.426
[mcmc]  - Convergence of means: R-1 = 3.092283 after 256 accepted steps
[mcmc] Convergence less than requested for updates: waiting until the next convergence check.
[mcmc] Learn + convergence test @ 360 samples accepted.
[likelihoodcollection] Average computation time:
   flamingo.inference.masked_ps.MaskedBandPowerLikelihood : 5.44885e-05 s (872 evaluations, 0.047514 s total)
[theorycollection] Average computation time:
   flamingo.inference.masked_ps.MaskedTSZTheory : 0.0241561 s (872 evaluations, 21.0641 s total)
[mcmc]  - Acceptance rate: 0.424
[mcmc]  - Convergence of means: R-1 = 1.250127 after 288 accepted steps
[mcmc]  - Updated covariance matrix of proposal pdf.
[mcmc] Learn + convergence test @ 400 samples accepted.
[likelihoodcollection] Average computation time:
   flamingo.inference.masked_ps.MaskedBandPowerLikelihood : 5.47698e-05 s (940 evaluations, 0.0514836 s total)
[theorycollection] Average computation time:
   flamingo.inference.masked_ps.MaskedTSZTheory : 0.0241655 s (940 evaluations, 22.7155 s total)
[mcmc]  - Acceptance rate: 0.444
[mcmc]  - Convergence of means: R-1 = 1.788995 after 320 accepted steps
[mcmc]  - Updated covariance matrix of proposal pdf.
[mcmc] Learn + convergence test @ 440 samples accepted.
[likelihoodcollection] Average computation time:
   flamingo.inference.masked_ps.MaskedBandPowerLikelihood : 5.45918e-05 s (998 evaluations, 0.0544826 s total)
[theorycollection] Average computation time:
   flamingo.inference.masked_ps.MaskedTSZTheory : 0.0241875 s (998 evaluations, 24.1391 s total)
[mcmc]  - Acceptance rate: 0.459
[mcmc]  - Convergence of means: R-1 = 2.071919 after 352 accepted steps
[mcmc] Convergence less than requested for updates: waiting until the next convergence check.
[mcmc] Learn + convergence test @ 480 samples accepted.
[likelihoodcollection] Average computation time:
   flamingo.inference.masked_ps.MaskedBandPowerLikelihood : 5.45614e-05 s (1078 evaluations, 0.0588172 s total)
[theorycollection] Average computation time:
   flamingo.inference.masked_ps.MaskedTSZTheory : 0.0241995 s (1078 evaluations, 26.0871 s total)
[mcmc]  - Acceptance rate: 0.458
[mcmc]  - Convergence of means: R-1 = 1.835121 after 384 accepted steps
[mcmc]  - Updated covariance matrix of proposal pdf.
[mcmc] Learn + convergence test @ 520 samples accepted.
[likelihoodcollection] Average computation time:
   flamingo.inference.masked_ps.MaskedBandPowerLikelihood : 5.46063e-05 s (1148 evaluations, 0.0626881 s total)
[theorycollection] Average computation time:
   flamingo.inference.masked_ps.MaskedTSZTheory : 0.0241997 s (1148 evaluations, 27.7812 s total)
[mcmc]  - Acceptance rate: 0.469
[mcmc]  - Convergence of means: R-1 = 1.633649 after 416 accepted steps
[mcmc]  - Updated covariance matrix of proposal pdf.
[mcmc] Learn + convergence test @ 560 samples accepted.
[likelihoodcollection] Average computation time:
   flamingo.inference.masked_ps.MaskedBandPowerLikelihood : 5.46301e-05 s (1239 evaluations, 0.0676867 s total)
[theorycollection] Average computation time:
   flamingo.inference.masked_ps.MaskedTSZTheory : 0.0241881 s (1239 evaluations, 29.9691 s total)
[mcmc]  - Acceptance rate: 0.468
[mcmc]  - Convergence of means: R-1 = 1.577930 after 448 accepted steps
[mcmc]  - Updated covariance matrix of proposal pdf.
[mcmc] Learn + convergence test @ 600 samples accepted.
[likelihoodcollection] Average computation time:
   flamingo.inference.masked_ps.MaskedBandPowerLikelihood : 5.4901e-05 s (1317 evaluations, 0.0723046 s total)
[theorycollection] Average computation time:
   flamingo.inference.masked_ps.MaskedTSZTheory : 0.0242248 s (1317 evaluations, 31.904 s total)
[mcmc]  - Acceptance rate: 0.456
[mcmc]  - Convergence of means: R-1 = 2.175927 after 480 accepted steps
[mcmc] Convergence less than requested for updates: waiting until the next convergence check.
[mcmc] Learn + convergence test @ 640 samples accepted.
[likelihoodcollection] Average computation time:
   flamingo.inference.masked_ps.MaskedBandPowerLikelihood : 5.50201e-05 s (1414 evaluations, 0.0777984 s total)
[theorycollection] Average computation time:
   flamingo.inference.masked_ps.MaskedTSZTheory : 0.0242132 s (1414 evaluations, 34.2375 s total)
[mcmc]  - Acceptance rate: 0.439
[mcmc]  - Convergence of means: R-1 = 3.006605 after 512 accepted steps
[mcmc] Convergence less than requested for updates: waiting until the next convergence check.
