=== L1_m9 ===
  loading map y_unlensed_L1_m9_lc0_nside4096.fits
/scratch/scratch-lxu/flamingo_repo/scripts/compute_masked_tsz_ps_L1_m9_feedback.py:138: HealpyDeprecationWarning: "verbose" was deprecated in version 1.15.0 and will be removed in a future version. 
  ymap = hp.read_map(mpath, verbose=False)
  loading catalogue halo_catalogue_M500c_5e13_zlt3_L1_m9_yang26rot_qfrommz.csv
E0708 06:49:17.465658 2527622 cuda_executor.cc:1206] [0] Failed to allocate device memory: INTERNAL: [0] Failed to allocate 71.23GiB (76478791680 bytes) of device memory: : CUDA_ERROR_OUT_OF_MEMORY: out of memory
E0708 06:49:17.466036 2527622 cuda_executor.cc:1206] [0] Failed to allocate device memory: INTERNAL: [0] Failed to allocate 64.10GiB (68830912512 bytes) of device memory: : CUDA_ERROR_OUT_OF_MEMORY: out of memory
E0708 06:49:17.466385 2527622 cuda_executor.cc:1206] [0] Failed to allocate device memory: INTERNAL: [0] Failed to allocate 57.69GiB (61947817984 bytes) of device memory: : CUDA_ERROR_OUT_OF_MEMORY: out of memory
E0708 06:49:17.466728 2527622 cuda_executor.cc:1206] [0] Failed to allocate device memory: INTERNAL: [0] Failed to allocate 51.92GiB (55753035776 bytes) of device memory: : CUDA_ERROR_OUT_OF_MEMORY: out of memory
E0708 06:49:17.467056 2527622 cuda_executor.cc:1206] [0] Failed to allocate device memory: INTERNAL: [0] Failed to allocate 46.73GiB (50177732608 bytes) of device memory: : CUDA_ERROR_OUT_OF_MEMORY: out of memory
E0708 06:49:17.467379 2527622 cuda_executor.cc:1206] [0] Failed to allocate device memory: INTERNAL: [0] Failed to allocate 42.06GiB (45159956480 bytes) of device memory: : CUDA_ERROR_OUT_OF_MEMORY: out of memory
E0708 06:49:17.467708 2527622 cuda_executor.cc:1206] [0] Failed to allocate device memory: INTERNAL: [0] Failed to allocate 37.85GiB (40643960832 bytes) of device memory: : CUDA_ERROR_OUT_OF_MEMORY: out of memory
E0708 06:49:17.468031 2527622 cuda_executor.cc:1206] [0] Failed to allocate device memory: INTERNAL: [0] Failed to allocate 34.07GiB (36579565568 bytes) of device memory: : CUDA_ERROR_OUT_OF_MEMORY: out of memory
E0708 06:49:17.468353 2527622 cuda_executor.cc:1206] [0] Failed to allocate device memory: INTERNAL: [0] Failed to allocate 30.66GiB (32921608192 bytes) of device memory: : CUDA_ERROR_OUT_OF_MEMORY: out of memory
E0708 06:49:17.468657 2527622 cuda_executor.cc:1206] [0] Failed to allocate device memory: INTERNAL: [0] Failed to allocate 27.59GiB (29629446144 bytes) of device memory: : CUDA_ERROR_OUT_OF_MEMORY: out of memory
E0708 06:49:17.468960 2527622 cuda_executor.cc:1206] [0] Failed to allocate device memory: INTERNAL: [0] Failed to allocate 24.83GiB (26666500096 bytes) of device memory: : CUDA_ERROR_OUT_OF_MEMORY: out of memory
  full sky (NaMaster)...
  q>50 mask + NaMaster...
    N(q>50)=4  f_sky=0.9968
  q>20 mask + NaMaster...
    N(q>20)=49  f_sky=0.9888
  q>10 mask + NaMaster...
    N(q>10)=217  f_sky=0.9712
  q>5 mask + NaMaster...
    N(q>5)=1,088  f_sky=0.9229
  q>3 mask + NaMaster...
    N(q>3)=2,888  f_sky=0.8751
  q>1 mask + NaMaster...
    N(q>1)=17,730  f_sky=0.7192
  done in 378s
=== fgas+2sigma ===
  loading map y_unlensed_fgas+2sigma_lc0_nside4096.fits
/scratch/scratch-lxu/flamingo_repo/scripts/compute_masked_tsz_ps_L1_m9_feedback.py:138: HealpyDeprecationWarning: "verbose" was deprecated in version 1.15.0 and will be removed in a future version. 
  ymap = hp.read_map(mpath, verbose=False)
  loading catalogue halo_catalogue_M500c_5e13_zlt3_fgas+2sigma_yang26rot_qfrommz.csv
  full sky (NaMaster)...
  q>50 mask + NaMaster...
    N(q>50)=3  f_sky=0.9970
  q>20 mask + NaMaster...
    N(q>20)=34  f_sky=0.9883
  q>10 mask + NaMaster...
