loading y_unlensed_L1_m9_lc0_nside4096.fits ...
  monopole = 1.5028e-06
clusters: 1088 (q_from_mz > 5)
  200/1088  (0.12 s/cluster)
  400/1088  (0.10 s/cluster)
  600/1088  (0.09 s/cluster)
  800/1088  (0.09 s/cluster)
  1000/1088  (0.09 s/cluster)
  1088/1088  (0.09 s/cluster)
wrote /scratch/scratch-lxu/flamingo_repo/data/nb41_resolved_stack_yell/L1_m9_qgt5_order0.npz  (100.4 s total)
loading y_unlensed_L1_m9_lc0_nside4096.fits ...
  monopole = 1.5028e-06
clusters: 1088 (q_from_mz > 5)
  200/1088  (0.14 s/cluster)
  400/1088  (0.11 s/cluster)
  600/1088  (0.10 s/cluster)
  800/1088  (0.10 s/cluster)
  1000/1088  (0.09 s/cluster)
  1088/1088  (0.09 s/cluster)
wrote /scratch/scratch-lxu/flamingo_repo/data/nb41_resolved_stack_yell/L1_m9_qgt5_order1.npz  (104.9 s total)
loading y_unlensed_L1_m9_lc0_nside4096.fits ...
  monopole = 1.5028e-06
clusters: 1088 (q_from_mz > 5)
building q>5 binary mask for random-centre rejection ...
  mask f_sky = 0.9229
  200/1088  (0.38 s/cluster)
  400/1088  (0.32 s/cluster)
  600/1088  (0.29 s/cluster)
  800/1088  (0.27 s/cluster)
  1000/1088  (0.27 s/cluster)
  1088/1088  (0.26 s/cluster)
wrote /scratch/scratch-lxu/flamingo_repo/data/nb41_resolved_stack_yell/L1_m9_qgt5_order0_randoms3.npz  (292.9 s total)
