  2000000 rows (4s)
  4000000 rows (7s)
  6000000 rows (10s)
  8000000 rows (14s)
  10000000 rows (17s)
  12000000 rows (21s)
  14000000 rows (24s)
  16000000 rows (27s)
  18000000 rows (31s)
  20000000 rows (42s)
  22000000 rows (46s)
  24000000 rows (49s)
  24779072 rows (50s)
catalogue: 24779072 rows, 24779072 in mass bins (50s)
group 0: N=1016172  sampled=4099  N_bin=[497429, 266682, 139588, 67937, 29604, 10990, 3166, 677, 97, 2, 0]
group 1: N=5923412  sampled=4133  N_bin=[3109035, 1566613, 750934, 327282, 122703, 37123, 8344, 1245, 129, 4, 0]
group 2: N=8986559  sampled=3792  N_bin=[5228887, 2340377, 958169, 338439, 97144, 20362, 2889, 282, 10, 0, 0]
group 3: N=7285149  sampled=3201  N_bin=[4855071, 1734417, 535477, 132797, 24219, 2967, 201, 0, 0, 0, 0]
group 4: N=1567780  sampled=2545  N_bin=[1208988, 294020, 57013, 7113, 601, 45, 0, 0, 0, 0, 0]
stage sample done (61s)
