loading comptonY_L2p8_m9_lc0_nside4096_rotgroup0_shells0-6.fits ...
  monopole = 3.4110e-07
measured D_ell cached: measured_dl_group0.npz
  200/4099  (0.40 s/cluster)
  400/4099  (0.40 s/cluster)
  600/4099  (0.40 s/cluster)
  800/4099  (0.40 s/cluster)
  1000/4099  (0.40 s/cluster)
  1200/4099  (0.40 s/cluster)
  1400/4099  (0.40 s/cluster)
  1600/4099  (0.40 s/cluster)
  1800/4099  (0.40 s/cluster)
  2000/4099  (0.40 s/cluster)
  2200/4099  (0.40 s/cluster)
  2400/4099  (0.40 s/cluster)
  2600/4099  (0.39 s/cluster)
  2800/4099  (0.39 s/cluster)
  3000/4099  (0.40 s/cluster)
  3200/4099  (0.40 s/cluster)
  3400/4099  (0.40 s/cluster)
  3600/4099  (0.40 s/cluster)
  3800/4099  (0.40 s/cluster)
  4000/4099  (0.40 s/cluster)
  4099/4099  (0.40 s/cluster)
wrote /scratch/scratch-lxu/flamingo_repo/data/nb42_rotgroup_stack_yell/group0_order0.npz  (1630.2 s total)
loading comptonY_L2p8_m9_lc0_nside4096_rotgroup1_shells7-15.fits ...
  monopole = 4.0439e-07
measured D_ell cached: measured_dl_group1.npz
  200/4133  (0.39 s/cluster)
  400/4133  (0.39 s/cluster)
  600/4133  (0.39 s/cluster)
  800/4133  (0.39 s/cluster)
  1000/4133  (0.39 s/cluster)
  1200/4133  (0.39 s/cluster)
  1400/4133  (0.39 s/cluster)
  1600/4133  (0.39 s/cluster)
  1800/4133  (0.39 s/cluster)
  2000/4133  (0.39 s/cluster)
  2200/4133  (0.39 s/cluster)
  2400/4133  (0.39 s/cluster)
  2600/4133  (0.40 s/cluster)
  2800/4133  (0.40 s/cluster)
  3000/4133  (0.40 s/cluster)
  3200/4133  (0.40 s/cluster)
  3400/4133  (0.40 s/cluster)
  3600/4133  (0.40 s/cluster)
  3800/4133  (0.40 s/cluster)
  4000/4133  (0.40 s/cluster)
  4133/4133  (0.40 s/cluster)
wrote /scratch/scratch-lxu/flamingo_repo/data/nb42_rotgroup_stack_yell/group1_order0.npz  (1639.8 s total)
loading comptonY_L2p8_m9_lc0_nside4096_rotgroup2_shells16-26.fits ...
  monopole = 3.6233e-07
measured D_ell in 2s -> measured_dl_group2.npz
  200/3792  (0.39 s/cluster)
  400/3792  (0.39 s/cluster)
  600/3792  (0.39 s/cluster)
  800/3792  (0.39 s/cluster)
  1000/3792  (0.39 s/cluster)
  1200/3792  (0.39 s/cluster)
  1400/3792  (0.39 s/cluster)
  1600/3792  (0.39 s/cluster)
  1800/3792  (0.39 s/cluster)
  2000/3792  (0.39 s/cluster)
  2200/3792  (0.39 s/cluster)
  2400/3792  (0.39 s/cluster)
  2600/3792  (0.39 s/cluster)
  2800/3792  (0.39 s/cluster)
  3000/3792  (0.39 s/cluster)
  3200/3792  (0.39 s/cluster)
  3400/3792  (0.39 s/cluster)
  3600/3792  (0.39 s/cluster)
  3792/3792  (0.39 s/cluster)
wrote /scratch/scratch-lxu/flamingo_repo/data/nb42_rotgroup_stack_yell/group2_order0.npz  (1498.9 s total)
loading comptonY_L2p8_m9_lc0_nside4096_rotgroup3_shells27-43.fits ...
  monopole = 3.0506e-07
measured D_ell in 2s -> measured_dl_group3.npz
  200/3201  (0.39 s/cluster)
  400/3201  (0.39 s/cluster)
  600/3201  (0.39 s/cluster)
  800/3201  (0.39 s/cluster)
  1000/3201  (0.39 s/cluster)
  1200/3201  (0.39 s/cluster)
  1400/3201  (0.39 s/cluster)
  1600/3201  (0.39 s/cluster)
  1800/3201  (0.39 s/cluster)
  2000/3201  (0.39 s/cluster)
  2200/3201  (0.39 s/cluster)
  2400/3201  (0.39 s/cluster)
  2600/3201  (0.39 s/cluster)
  2800/3201  (0.39 s/cluster)
  3000/3201  (0.39 s/cluster)
  3200/3201  (0.39 s/cluster)
  3201/3201  (0.39 s/cluster)
wrote /scratch/scratch-lxu/flamingo_repo/data/nb42_rotgroup_stack_yell/group3_order0.npz  (1266.7 s total)
loading comptonY_L2p8_m9_lc0_nside4096_rotgroup4_shells44-59.fits ...
  monopole = 1.2318e-07
measured D_ell in 2s -> measured_dl_group4.npz
  200/2545  (0.39 s/cluster)
  400/2545  (0.38 s/cluster)
  600/2545  (0.37 s/cluster)
  800/2545  (0.37 s/cluster)
  1000/2545  (0.37 s/cluster)
  1200/2545  (0.37 s/cluster)
  1400/2545  (0.37 s/cluster)
  1600/2545  (0.37 s/cluster)
  1800/2545  (0.37 s/cluster)
  2000/2545  (0.39 s/cluster)
  2200/2545  (0.42 s/cluster)
  2400/2545  (0.44 s/cluster)
  2545/2545  (0.45 s/cluster)
wrote /scratch/scratch-lxu/flamingo_repo/data/nb42_rotgroup_stack_yell/group4_order0.npz  (1163.3 s total)
