[load] map y_unlensed_L1_m9_lc0_nside4096.fits
[load] degraded to nside 1024 (9s)
[cat] 1,530,770 rows, N(q>5) = 1,088
[mask] building q>5 hole mask ...
[mask] f_sky(binary) = 0.9191 (20s)
[cnc] total N(q>5, z<1) = 1079
[resume] 2 patches already done
[  2] N(q>5,z<1)=  3 D_full(ell~336)=2.076e-13 D_mask=1.211e-13 (3.8s, total 25s)
[  3] N(q>5,z<1)=  9 D_full(ell~336)=3.720e-13 D_mask=1.745e-13 (7.4s, total 32s)
[  4] N(q>5,z<1)=  3 D_full(ell~336)=1.928e-13 D_mask=1.391e-13 (2.0s, total 34s)
[  5] N(q>5,z<1)= 11 D_full(ell~336)=3.981e-13 D_mask=1.799e-13 (2.0s, total 36s)
[  6] N(q>5,z<1)=  0 D_full(ell~336)=1.462e-13 D_mask=1.467e-13 (2.1s, total 38s)
[  7] N(q>5,z<1)=  8 D_full(ell~336)=3.249e-13 D_mask=1.724e-13 (4.0s, total 42s)
[  8] N(q>5,z<1)=  8 D_full(ell~336)=4.655e-13 D_mask=2.539e-13 (11.7s, total 54s)
[  9] N(q>5,z<1)=  2 D_full(ell~336)=1.989e-13 D_mask=2.026e-13 (9.8s, total 64s)
[ 10] N(q>5,z<1)=  3 D_full(ell~336)=2.131e-13 D_mask=1.687e-13 (2.5s, total 66s)
[ 11] N(q>5,z<1)=  4 D_full(ell~336)=5.416e-13 D_mask=2.556e-13 (3.0s, total 69s)
[ 12] N(q>5,z<1)=  4 D_full(ell~336)=5.150e-13 D_mask=1.958e-13 (3.8s, total 73s)
[ 13] N(q>5,z<1)=  3 D_full(ell~336)=1.709e-13 D_mask=1.577e-13 (2.5s, total 76s)
[ 14] N(q>5,z<1)=  5 D_full(ell~336)=3.142e-13 D_mask=2.368e-13 (6.4s, total 82s)
[ 15] N(q>5,z<1)=  1 D_full(ell~336)=2.249e-13 D_mask=2.179e-13 (4.3s, total 86s)
[ 16] N(q>5,z<1)=  6 D_full(ell~336)=3.575e-13 D_mask=1.631e-13 (4.8s, total 91s)
[ 17] N(q>5,z<1)=  3 D_full(ell~336)=8.988e-13 D_mask=2.500e-13 (4.0s, total 95s)
[ 18] N(q>5,z<1)=  6 D_full(ell~336)=2.454e-13 D_mask=2.143e-13 (6.9s, total 102s)
[ 19] N(q>5,z<1)=  7 D_full(ell~336)=7.770e-13 D_mask=3.058e-13 (2.2s, total 104s)
[ 20] N(q>5,z<1)=  6 D_full(ell~336)=3.193e-13 D_mask=2.437e-13 (2.2s, total 106s)
[ 21] N(q>5,z<1)=  8 D_full(ell~336)=1.240e-12 D_mask=3.660e-13 (2.1s, total 109s)
[ 22] N(q>5,z<1)=  8 D_full(ell~336)=3.603e-13 D_mask=1.960e-13 (3.7s, total 112s)
[ 23] N(q>5,z<1)=  5 D_full(ell~336)=1.680e-12 D_mask=2.121e-13 (3.4s, total 116s)
[ 24] N(q>5,z<1)=  4 D_full(ell~336)=2.295e-13 D_mask=1.786e-13 (3.7s, total 119s)
[ 25] N(q>5,z<1)=  6 D_full(ell~336)=6.319e-13 D_mask=2.934e-13 (5.5s, total 125s)
[ 26] N(q>5,z<1)=  7 D_full(ell~336)=3.576e-13 D_mask=1.988e-13 (5.3s, total 130s)
[ 27] N(q>5,z<1)=  8 D_full(ell~336)=3.556e-13 D_mask=1.616e-13 (5.5s, total 136s)
[ 28] N(q>5,z<1)= 12 D_full(ell~336)=3.616e-13 D_mask=1.911e-13 (7.4s, total 143s)
[ 29] N(q>5,z<1)=  7 D_full(ell~336)=4.180e-13 D_mask=1.779e-13 (2.3s, total 145s)
[ 30] N(q>5,z<1)=  6 D_full(ell~336)=3.343e-13 D_mask=1.684e-13 (5.4s, total 151s)
[ 31] N(q>5,z<1)=  5 D_full(ell~336)=5.272e-13 D_mask=3.048e-13 (8.7s, total 159s)
[ 32] N(q>5,z<1)=  3 D_full(ell~336)=2.502e-13 D_mask=2.111e-13 (10.3s, total 170s)
[ 33] N(q>5,z<1)=  6 D_full(ell~336)=5.025e-13 D_mask=1.777e-13 (4.4s, total 174s)
[ 34] N(q>5,z<1)=  5 D_full(ell~336)=4.450e-13 D_mask=1.574e-13 (2.6s, total 177s)
[ 35] N(q>5,z<1)=  5 D_full(ell~336)=2.456e-13 D_mask=1.965e-13 (3.3s, total 180s)
[ 36] N(q>5,z<1)=  3 D_full(ell~336)=2.286e-13 D_mask=1.660e-13 (3.2s, total 183s)
[ 37] N(q>5,z<1)=  7 D_full(ell~336)=3.261e-13 D_mask=2.278e-13 (4.7s, total 188s)
[ 38] N(q>5,z<1)=  2 D_full(ell~336)=2.918e-13 D_mask=1.903e-13 (4.8s, total 193s)
[ 39] N(q>5,z<1)=  7 D_full(ell~336)=4.024e-13 D_mask=1.946e-13 (4.6s, total 197s)
[ 40] N(q>5,z<1)=  5 D_full(ell~336)=1.874e-13 D_mask=1.705e-13 (5.1s, total 202s)
[ 41] N(q>5,z<1)=  4 D_full(ell~336)=2.853e-13 D_mask=2.294e-13 (6.7s, total 209s)
[ 42] N(q>5,z<1)= 11 D_full(ell~336)=5.281e-13 D_mask=2.009e-13 (2.5s, total 212s)
[ 43] N(q>5,z<1)=  5 D_full(ell~336)=2.529e-13 D_mask=1.964e-13 (2.1s, total 214s)
[ 44] N(q>5,z<1)=  4 D_full(ell~336)=2.146e-13 D_mask=1.377e-13 (2.1s, total 216s)
[ 45] N(q>5,z<1)=  8 D_full(ell~336)=4.771e-13 D_mask=2.518e-13 (4.1s, total 220s)
[ 46] N(q>5,z<1)=  7 D_full(ell~336)=9.580e-13 D_mask=2.174e-13 (9.8s, total 230s)
[ 47] N(q>5,z<1)=  8 D_full(ell~336)=4.344e-13 D_mask=2.949e-13 (12.3s, total 242s)
[ 48] N(q>5,z<1)=  3 D_full(ell~336)=2.203e-13 D_mask=2.037e-13 (2.4s, total 244s)
[ 49] N(q>5,z<1)=  5 D_full(ell~336)=2.177e-13 D_mask=1.662e-13 (3.0s, total 247s)
[ 50] N(q>5,z<1)=  9 D_full(ell~336)=2.575e-13 D_mask=2.279e-13 (3.9s, total 251s)
[ 51] N(q>5,z<1)=  7 D_full(ell~336)=3.867e-13 D_mask=1.782e-13 (2.5s, total 254s)
[ 52] N(q>5,z<1)=  9 D_full(ell~336)=2.296e-13 D_mask=1.333e-13 (5.3s, total 259s)
[ 53] N(q>5,z<1)=  4 D_full(ell~336)=2.089e-13 D_mask=2.013e-13 (5.1s, total 264s)
[ 54] N(q>5,z<1)=  6 D_full(ell~336)=2.062e-13 D_mask=1.486e-13 (5.4s, total 270s)
[ 55] N(q>5,z<1)=  7 D_full(ell~336)=2.832e-13 D_mask=2.653e-13 (3.5s, total 273s)
[ 56] N(q>5,z<1)=  5 D_full(ell~336)=2.011e-13 D_mask=1.653e-13 (7.2s, total 280s)
[ 57] N(q>5,z<1)=  8 D_full(ell~336)=4.359e-13 D_mask=2.171e-13 (2.2s, total 283s)
[ 58] N(q>5,z<1)=  9 D_full(ell~336)=4.980e-13 D_mask=2.553e-13 (2.1s, total 285s)
[ 59] N(q>5,z<1)=  4 D_full(ell~336)=2.832e-13 D_mask=2.337e-13 (2.1s, total 287s)
[ 60] N(q>5,z<1)=  6 D_full(ell~336)=3.128e-13 D_mask=1.657e-13 (3.3s, total 290s)
[ 61] N(q>5,z<1)=  4 D_full(ell~336)=3.218e-13 D_mask=2.452e-13 (3.2s, total 293s)
[ 62] N(q>5,z<1)=  6 D_full(ell~336)=2.303e-12 D_mask=2.199e-13 (2.6s, total 296s)
[ 63] N(q>5,z<1)=  3 D_full(ell~336)=2.255e-13 D_mask=2.041e-13 (5.3s, total 301s)
[ 64] N(q>5,z<1)=  3 D_full(ell~336)=1.703e-13 D_mask=1.449e-13 (4.9s, total 306s)
[ 65] N(q>5,z<1)=  8 D_full(ell~336)=4.511e-13 D_mask=2.119e-13 (5.2s, total 311s)
[ 66] N(q>5,z<1)=  5 D_full(ell~336)=3.304e-13 D_mask=1.427e-13 (3.7s, total 315s)
[ 67] N(q>5,z<1)= 10 D_full(ell~336)=3.266e-13 D_mask=2.021e-13 (7.0s, total 322s)
[ 68] N(q>5,z<1)=  6 D_full(ell~336)=3.515e-13 D_mask=2.198e-13 (2.2s, total 324s)
[ 69] N(q>5,z<1)=  5 D_full(ell~336)=3.173e-13 D_mask=2.373e-13 (7.2s, total 331s)
[ 70] N(q>5,z<1)=  5 D_full(ell~336)=2.796e-13 D_mask=1.460e-13 (10.0s, total 341s)
[ 71] N(q>5,z<1)=  8 D_full(ell~336)=4.223e-13 D_mask=1.749e-13 (9.8s, total 351s)
[ 72] N(q>5,z<1)=  6 D_full(ell~336)=4.150e-13 D_mask=2.059e-13 (2.1s, total 353s)
[ 73] N(q>5,z<1)=  7 D_full(ell~336)=2.979e-13 D_mask=1.911e-13 (3.0s, total 356s)
[ 74] N(q>5,z<1)=  5 D_full(ell~336)=3.241e-13 D_mask=1.818e-13 (3.6s, total 360s)
[ 75] N(q>5,z<1)=  7 D_full(ell~336)=6.513e-13 D_mask=3.309e-13 (2.4s, total 362s)
[ 76] N(q>5,z<1)=  4 D_full(ell~336)=2.779e-13 D_mask=1.446e-13 (5.1s, total 367s)
[ 77] N(q>5,z<1)=  4 D_full(ell~336)=2.963e-13 D_mask=2.272e-13 (5.3s, total 373s)
[ 78] N(q>5,z<1)=  4 D_full(ell~336)=2.196e-13 D_mask=2.098e-13 (5.4s, total 378s)
[ 79] N(q>5,z<1)=  7 D_full(ell~336)=4.354e-13 D_mask=1.979e-13 (3.5s, total 382s)
[ 80] N(q>5,z<1)=  4 D_full(ell~336)=1.958e-13 D_mask=1.437e-13 (7.2s, total 389s)
[ 81] N(q>5,z<1)=  6 D_full(ell~336)=2.995e-13 D_mask=2.684e-13 (2.3s, total 391s)
[ 82] N(q>5,z<1)=  2 D_full(ell~336)=2.076e-13 D_mask=1.772e-13 (2.1s, total 393s)
[ 83] N(q>5,z<1)=  3 D_full(ell~336)=2.856e-13 D_mask=1.929e-13 (2.2s, total 395s)
[ 84] N(q>5,z<1)=  6 D_full(ell~336)=1.888e-13 D_mask=1.469e-13 (7.6s, total 403s)
[ 85] N(q>5,z<1)=  4 D_full(ell~336)=3.174e-13 D_mask=2.521e-13 (10.9s, total 414s)
[ 86] N(q>5,z<1)=  6 D_full(ell~336)=3.344e-13 D_mask=1.525e-13 (8.2s, total 422s)
[ 87] N(q>5,z<1)=  3 D_full(ell~336)=2.070e-13 D_mask=1.613e-13 (2.2s, total 424s)
[ 88] N(q>5,z<1)=  6 D_full(ell~336)=4.348e-13 D_mask=2.075e-13 (3.4s, total 428s)
[ 89] N(q>5,z<1)=  7 D_full(ell~336)=3.803e-13 D_mask=2.359e-13 (3.4s, total 431s)
[ 90] N(q>5,z<1)=  3 D_full(ell~336)=2.260e-13 D_mask=2.123e-13 (2.4s, total 433s)
[ 91] N(q>5,z<1)=  5 D_full(ell~336)=2.472e-13 D_mask=1.495e-13 (5.1s, total 439s)
[ 92] N(q>5,z<1)=  3 D_full(ell~336)=4.455e-13 D_mask=1.659e-13 (5.1s, total 444s)
[ 93] N(q>5,z<1)=  2 D_full(ell~336)=3.456e-13 D_mask=2.056e-13 (5.4s, total 449s)
[ 94] N(q>5,z<1)=  5 D_full(ell~336)=3.412e-13 D_mask=1.919e-13 (3.7s, total 453s)
[ 95] N(q>5,z<1)=  7 D_full(ell~336)=3.002e-13 D_mask=2.086e-13 (7.1s, total 460s)
[ 96] N(q>5,z<1)=  8 D_full(ell~336)=3.825e-13 D_mask=1.877e-13 (2.1s, total 462s)
[ 97] N(q>5,z<1)=  6 D_full(ell~336)=4.940e-13 D_mask=1.810e-13 (2.1s, total 464s)
[ 98] N(q>5,z<1)=  2 D_full(ell~336)=1.888e-13 D_mask=1.764e-13 (2.1s, total 466s)
[ 99] N(q>5,z<1)=  8 D_full(ell~336)=2.944e-13 D_mask=1.830e-13 (3.5s, total 470s)
[100] N(q>5,z<1)=  5 D_full(ell~336)=2.672e-13 D_mask=2.519e-13 (3.2s, total 473s)
[101] N(q>5,z<1)=  4 D_full(ell~336)=2.341e-12 D_mask=1.872e-13 (2.4s, total 475s)
[102] N(q>5,z<1)= 10 D_full(ell~336)=1.522e-12 D_mask=1.882e-13 (4.9s, total 480s)
[103] N(q>5,z<1)=  4 D_full(ell~336)=2.277e-13 D_mask=1.967e-13 (5.1s, total 485s)
[104] N(q>5,z<1)= 10 D_full(ell~336)=4.645e-13 D_mask=3.349e-13 (5.2s, total 491s)
[105] N(q>5,z<1)=  3 D_full(ell~336)=2.272e-13 D_mask=1.599e-13 (3.5s, total 494s)
[106] N(q>5,z<1)=  4 D_full(ell~336)=2.878e-13 D_mask=2.694e-13 (7.2s, total 501s)
[107] N(q>5,z<1)=  7 D_full(ell~336)=2.951e-13 D_mask=1.394e-13 (2.2s, total 503s)
[108] N(q>5,z<1)=  6 D_full(ell~336)=2.892e-13 D_mask=2.221e-13 (8.2s, total 512s)
[109] N(q>5,z<1)=  4 D_full(ell~336)=2.699e-13 D_mask=2.093e-13 (11.8s, total 523s)
[110] N(q>5,z<1)=  6 D_full(ell~336)=5.526e-13 D_mask=2.754e-13 (7.0s, total 530s)
[111] N(q>5,z<1)=  5 D_full(ell~336)=2.882e-13 D_mask=1.772e-13 (2.2s, total 533s)
[112] N(q>5,z<1)=  1 D_full(ell~336)=2.177e-13 D_mask=2.035e-13 (3.7s, total 536s)
[113] N(q>5,z<1)=  8 D_full(ell~336)=3.523e-13 D_mask=1.899e-13 (3.5s, total 540s)
[114] N(q>5,z<1)=  5 D_full(ell~336)=3.978e-13 D_mask=1.711e-13 (3.7s, total 544s)
[115] N(q>5,z<1)=  6 D_full(ell~336)=9.626e-13 D_mask=2.566e-13 (5.5s, total 549s)
[116] N(q>5,z<1)=  8 D_full(ell~336)=2.940e-13 D_mask=1.400e-13 (5.0s, total 554s)
[117] N(q>5,z<1)=  4 D_full(ell~336)=2.606e-13 D_mask=1.735e-13 (5.4s, total 559s)
[118] N(q>5,z<1)=  8 D_full(ell~336)=5.191e-13 D_mask=2.042e-13 (5.5s, total 565s)
[119] N(q>5,z<1)=  4 D_full(ell~336)=3.415e-13 D_mask=2.136e-13 (3.6s, total 569s)
[120] N(q>5,z<1)=  4 D_full(ell~336)=2.591e-13 D_mask=1.766e-13 (2.1s, total 571s)
[121] N(q>5,z<1)=  4 D_full(ell~336)=2.500e-13 D_mask=2.029e-13 (2.1s, total 573s)
[122] N(q>5,z<1)=  7 D_full(ell~336)=3.494e-13 D_mask=2.781e-13 (6.6s, total 579s)
[123] N(q>5,z<1)=  3 D_full(ell~336)=2.696e-13 D_mask=1.645e-13 (12.0s, total 591s)
[124] N(q>5,z<1)=  6 D_full(ell~336)=3.116e-13 D_mask=1.682e-13 (8.1s, total 600s)
[125] N(q>5,z<1)=  4 D_full(ell~336)=1.978e-13 D_mask=1.984e-13 (2.2s, total 602s)
[126] N(q>5,z<1)= 14 D_full(ell~336)=1.104e-11 D_mask=1.156e-13 (3.9s, total 606s)
[127] N(q>5,z<1)=  8 D_full(ell~336)=4.369e-13 D_mask=1.524e-13 (3.5s, total 609s)
[128] N(q>5,z<1)=  1 D_full(ell~336)=1.690e-13 D_mask=1.699e-13 (3.9s, total 613s)
[129] N(q>5,z<1)=  5 D_full(ell~336)=2.846e-13 D_mask=1.853e-13 (4.9s, total 618s)
[130] N(q>5,z<1)=  6 D_full(ell~336)=3.483e-13 D_mask=1.601e-13 (5.3s, total 623s)
[131] N(q>5,z<1)=  4 D_full(ell~336)=1.734e-13 D_mask=1.647e-13 (5.3s, total 629s)
[132] N(q>5,z<1)=  7 D_full(ell~336)=4.218e-13 D_mask=2.714e-13 (5.3s, total 634s)
[133] N(q>5,z<1)=  6 D_full(ell~336)=4.192e-13 D_mask=2.138e-13 (4.1s, total 638s)
[134] N(q>5,z<1)=  8 D_full(ell~336)=4.043e-13 D_mask=1.532e-13 (2.2s, total 640s)
[135] N(q>5,z<1)=  1 D_full(ell~336)=2.269e-13 D_mask=1.589e-13 (2.1s, total 642s)
[136] N(q>5,z<1)=  3 D_full(ell~336)=2.284e-13 D_mask=1.969e-13 (2.1s, total 644s)
[137] N(q>5,z<1)=  5 D_full(ell~336)=2.805e-13 D_mask=2.260e-13 (3.7s, total 648s)
[138] N(q>5,z<1)=  5 D_full(ell~336)=2.457e-13 D_mask=1.502e-13 (3.4s, total 651s)
[139] N(q>5,z<1)=  2 D_full(ell~336)=2.708e-13 D_mask=1.987e-13 (4.4s, total 656s)
[140] N(q>5,z<1)=  6 D_full(ell~336)=2.921e-13 D_mask=1.540e-13 (4.5s, total 660s)
[141] N(q>5,z<1)=  7 D_full(ell~336)=2.637e-13 D_mask=1.941e-13 (4.9s, total 665s)
[142] N(q>5,z<1)=  5 D_full(ell~336)=2.224e-13 D_mask=2.008e-13 (5.4s, total 671s)
[143] N(q>5,z<1)=  3 D_full(ell~336)=1.964e-13 D_mask=1.426e-13 (4.8s, total 675s)
[144] N(q>5,z<1)=  6 D_full(ell~336)=2.591e-13 D_mask=2.111e-13 (4.4s, total 680s)
[145] N(q>5,z<1)=  9 D_full(ell~336)=3.296e-13 D_mask=2.334e-13 (3.1s, total 683s)
[146] N(q>5,z<1)=  5 D_full(ell~336)=1.252e-12 D_mask=1.996e-13 (8.9s, total 692s)
[147] N(q>5,z<1)=  6 D_full(ell~336)=2.945e-13 D_mask=2.390e-13 (11.5s, total 703s)
[148] N(q>5,z<1)=  6 D_full(ell~336)=2.389e-13 D_mask=1.678e-13 (5.5s, total 709s)
[149] N(q>5,z<1)= 10 D_full(ell~336)=1.259e-12 D_mask=2.145e-13 (2.3s, total 711s)
[150] N(q>5,z<1)=  5 D_full(ell~336)=2.722e-13 D_mask=2.247e-13 (3.7s, total 715s)
[151] N(q>5,z<1)= 13 D_full(ell~336)=6.550e-13 D_mask=1.837e-13 (3.2s, total 718s)
[152] N(q>5,z<1)=  2 D_full(ell~336)=1.769e-13 D_mask=1.689e-13 (4.2s, total 722s)
[153] N(q>5,z<1)=  5 D_full(ell~336)=2.243e-13 D_mask=1.604e-13 (4.7s, total 727s)
[154] N(q>5,z<1)=  6 D_full(ell~336)=2.886e-13 D_mask=1.648e-13 (5.2s, total 732s)
[155] N(q>5,z<1)=  7 D_full(ell~336)=5.282e-13 D_mask=1.881e-13 (4.9s, total 737s)
[156] N(q>5,z<1)=  6 D_full(ell~336)=3.816e-13 D_mask=1.726e-13 (5.8s, total 743s)
[157] N(q>5,z<1)=  9 D_full(ell~336)=6.218e-13 D_mask=1.879e-13 (3.4s, total 746s)
[158] N(q>5,z<1)=  5 D_full(ell~336)=2.988e-13 D_mask=2.455e-13 (2.1s, total 748s)
[159] N(q>5,z<1)=  6 D_full(ell~336)=3.489e-13 D_mask=1.980e-13 (2.1s, total 750s)
[160] N(q>5,z<1)=  4 D_full(ell~336)=2.662e-13 D_mask=1.643e-13 (4.0s, total 754s)
[161] N(q>5,z<1)=  5 D_full(ell~336)=3.831e-13 D_mask=1.924e-13 (21.1s, total 775s)
[162] N(q>5,z<1)=  6 D_full(ell~336)=3.093e-13 D_mask=2.059e-13 (2.2s, total 778s)
[163] N(q>5,z<1)=  7 D_full(ell~336)=2.997e-13 D_mask=1.601e-13 (3.1s, total 781s)
[164] N(q>5,z<1)=  3 D_full(ell~336)=2.106e-13 D_mask=1.670e-13 (3.7s, total 784s)
[165] N(q>5,z<1)=  7 D_full(ell~336)=2.432e-13 D_mask=1.907e-13 (2.5s, total 787s)
[166] N(q>5,z<1)=  5 D_full(ell~336)=2.861e-13 D_mask=2.129e-13 (5.4s, total 792s)
[167] N(q>5,z<1)=  7 D_full(ell~336)=3.848e-13 D_mask=2.664e-13 (5.1s, total 797s)
[168] N(q>5,z<1)=  6 D_full(ell~336)=3.544e-13 D_mask=2.177e-13 (5.2s, total 803s)
[169] N(q>5,z<1)=  2 D_full(ell~336)=2.393e-13 D_mask=1.875e-13 (3.7s, total 806s)
[170] N(q>5,z<1)=  8 D_full(ell~336)=2.833e-13 D_mask=2.051e-13 (7.0s, total 813s)
[171] N(q>5,z<1)=  5 D_full(ell~336)=1.553e-13 D_mask=1.320e-13 (2.1s, total 815s)
[172] N(q>5,z<1)=  3 D_full(ell~336)=2.097e-13 D_mask=1.675e-13 (2.1s, total 817s)
[173] N(q>5,z<1)=  4 D_full(ell~336)=5.696e-13 D_mask=2.168e-13 (2.1s, total 820s)
[174] N(q>5,z<1)=  6 D_full(ell~336)=5.566e-13 D_mask=5.275e-13 (3.1s, total 823s)
[175] N(q>5,z<1)=  9 D_full(ell~336)=6.994e-13 D_mask=2.199e-13 (3.4s, total 826s)
[176] N(q>5,z<1)=  9 D_full(ell~336)=6.655e-13 D_mask=2.707e-13 (2.8s, total 829s)
[177] N(q>5,z<1)=  8 D_full(ell~336)=1.977e-12 D_mask=1.636e-13 (5.5s, total 834s)
[178] N(q>5,z<1)=  2 D_full(ell~336)=1.978e-13 D_mask=1.945e-13 (5.2s, total 840s)
[179] N(q>5,z<1)=  8 D_full(ell~336)=4.195e-13 D_mask=1.936e-13 (5.1s, total 845s)
[180] N(q>5,z<1)=  5 D_full(ell~336)=3.018e-13 D_mask=1.939e-13 (3.6s, total 848s)
[181] N(q>5,z<1)=  8 D_full(ell~336)=4.556e-13 D_mask=1.911e-13 (7.3s, total 856s)
[182] N(q>5,z<1)=  4 D_full(ell~336)=1.697e-13 D_mask=1.671e-13 (2.2s, total 858s)
[183] N(q>5,z<1)= 11 D_full(ell~336)=3.411e-13 D_mask=2.113e-13 (12.0s, total 870s)
[184] N(q>5,z<1)=  1 D_full(ell~336)=2.385e-13 D_mask=2.780e-13 (12.7s, total 882s)
[185] N(q>5,z<1)=  4 D_full(ell~336)=8.230e-13 D_mask=2.052e-13 (2.4s, total 885s)
[186] N(q>5,z<1)=  9 D_full(ell~336)=3.172e-13 D_mask=1.993e-13 (3.0s, total 888s)
[187] N(q>5,z<1)=  8 D_full(ell~336)=2.613e-13 D_mask=1.496e-13 (3.5s, total 891s)
[188] N(q>5,z<1)=  9 D_full(ell~336)=3.819e-13 D_mask=2.419e-13 (2.6s, total 894s)
[189] N(q>5,z<1)=  4 D_full(ell~336)=2.693e-13 D_mask=2.019e-13 (5.4s, total 899s)
[190] N(q>5,z<1)=  4 D_full(ell~336)=1.878e-13 D_mask=1.398e-13 (5.1s, total 905s)
[191] N(q>5,z<1)=  0 D_full(ell~336)=1.628e-13 D_mask=1.618e-13 (5.3s, total 910s)
[done] wrote /scratch/scratch-lxu/flamingo_repo/data/nb43_L1_m9_patch_cov/patch_ensemble.npz (910s)
