OUT_DIR=/scratch/scratch-lxu/flamingo_repo/data_paper/binned_bandpowers
variants=['fiducial', 'fgas+2sigma', 'fgas-2sigma', 'fgas-4sigma', 'fgas-8sigma', 'Jet', 'Jet_fgas-4sigma', 'Mstar-1sigma', 'Mstar-1sigma_fgas-4sigma']
selection=qfrommap q_column=q_from_aperture
q_cuts=[6.0, 3.0]
workers=8  OMP_NUM_THREADS=6
[fiducial] computing ['qgt6', 'qgt3'] (03:23:56)
[fgas+2sigma] computing ['qgt6', 'qgt3'] (03:23:56)
[fgas-2sigma] computing ['qgt6', 'qgt3'] (03:23:56)
[fgas-4sigma] computing ['qgt6', 'qgt3'] (03:23:56)
[fgas-8sigma] computing ['qgt6', 'qgt3'] (03:23:56)
[Mstar-1sigma] computing ['qgt6', 'qgt3'] (03:23:56)
[Jet_fgas-4sigma] computing ['qgt6', 'qgt3'] (03:23:56)
[Jet] computing ['qgt6', 'qgt3'] (03:23:56)
  catalogue: 1,558,242 halos
[Jet] catalogue 1,558,242 from halo_catalogue_M500c_5e13_zlt3_Jet_yang26rot_qfrommap.csv
[Jet] rotation sanity: rot=5.42, nat=1.00
  catalogue: 1,620,947 halos
[fgas+2sigma] catalogue 1,620,947 from halo_catalogue_M500c_5e13_zlt3_fgas+2sigma_yang26rot_qfrommap.csv
[fgas+2sigma] rotation sanity: rot=5.68, nat=0.99
  catalogue: 1,331,629 halos
[Jet_fgas-4sigma] catalogue 1,331,629 from halo_catalogue_M500c_5e13_zlt3_Jet_fgas-4sigma_yang26rot_qfrommap.csv
[Jet_fgas-4sigma] rotation sanity: rot=4.15, nat=0.99
  catalogue: 1,468,895 halos
[fgas-2sigma] catalogue 1,468,895 from halo_catalogue_M500c_5e13_zlt3_fgas-2sigma_yang26rot_qfrommap.csv
[fgas-2sigma] rotation sanity: rot=5.16, nat=1.01
  catalogue: 1,538,317 halos
[fiducial] catalogue 1,538,317 from halo_catalogue_M500c_5e13_zlt3_L1_m9_yang26rot_qfrommap.csv
[fiducial] rotation sanity: rot=5.50, nat=1.00
  catalogue: 1,479,333 halos
[Mstar-1sigma] catalogue 1,479,333 from halo_catalogue_M500c_5e13_zlt3_Mstar-1sigma_yang26rot_qfrommap.csv
[Mstar-1sigma] rotation sanity: rot=5.32, nat=0.99
  catalogue: 1,334,015 halos
[fgas-8sigma] catalogue 1,334,015 from halo_catalogue_M500c_5e13_zlt3_fgas-8sigma_yang26rot_qfrommap.csv
[fgas-8sigma] rotation sanity: rot=4.02, nat=0.99
  catalogue: 1,408,414 halos
[fgas-4sigma] catalogue 1,408,414 from halo_catalogue_M500c_5e13_zlt3_fgas-4sigma_yang26rot_qfrommap.csv
[fgas-4sigma] rotation sanity: rot=4.78, nat=1.00
[Jet] q>6: N=1,961 f_sky_raw=0.9173 eff=0.8898 — NaMaster starting
[fgas+2sigma] q>6: N=2,105 f_sky_raw=0.9117 eff=0.8824 — NaMaster starting
[Mstar-1sigma] q>6: N=2,218 f_sky_raw=0.9118 eff=0.8816 — NaMaster starting
[fgas-2sigma] q>6: N=2,075 f_sky_raw=0.9167 eff=0.8881 — NaMaster starting
[Jet_fgas-4sigma] q>6: N=1,989 f_sky_raw=0.9200 eff=0.8923 — NaMaster starting
[fiducial] q>6: N=2,121 f_sky_raw=0.9142 eff=0.8850 — NaMaster starting
[fgas-4sigma] q>6: N=2,013 f_sky_raw=0.9200 eff=0.8923 — NaMaster starting
[fgas-8sigma] q>6: N=1,888 f_sky_raw=0.9251 eff=0.8989 — NaMaster starting
[Mstar-1sigma] wrote Dl_yy_L1_m9_Mstar-1sigma_masked_qgt6_qfrommap_binned_18.txt in 18.2 min (elapsed 18.4 min)
[fiducial] wrote Dl_yy_L1_m9_masked_qgt6_qfrommap_binned_18.txt in 18.5 min (elapsed 18.6 min)
[Jet] wrote Dl_yy_L1_m9_Jet_masked_qgt6_qfrommap_binned_18.txt in 18.6 min (elapsed 18.7 min)
[Jet_fgas-4sigma] wrote Dl_yy_L1_m9_Jet_fgas-4sigma_masked_qgt6_qfrommap_binned_18.txt in 18.8 min (elapsed 18.9 min)
[fgas-2sigma] wrote Dl_yy_L1_m9_fgas-2sigma_masked_qgt6_qfrommap_binned_18.txt in 19.0 min (elapsed 19.1 min)
[fgas-8sigma] wrote Dl_yy_L1_m9_fgas-8sigma_masked_qgt6_qfrommap_binned_18.txt in 18.9 min (elapsed 19.1 min)
[fgas-4sigma] wrote Dl_yy_L1_m9_fgas-4sigma_masked_qgt6_qfrommap_binned_18.txt in 18.9 min (elapsed 19.1 min)
[fgas+2sigma] wrote Dl_yy_L1_m9_fgas+2sigma_masked_qgt6_qfrommap_binned_18.txt in 19.0 min (elapsed 19.1 min)
[Mstar-1sigma] q>3: N=9,042 f_sky_raw=0.8330 eff=0.7513 — NaMaster starting
[fiducial] q>3: N=8,715 f_sky_raw=0.8354 eff=0.7560 — NaMaster starting
[Jet] q>3: N=8,037 f_sky_raw=0.8412 eff=0.7661 — NaMaster starting
[Jet_fgas-4sigma] q>3: N=8,136 f_sky_raw=0.8465 eff=0.7708 — NaMaster starting
[fgas-2sigma] q>3: N=8,468 f_sky_raw=0.8404 eff=0.7627 — NaMaster starting
[fgas+2sigma] q>3: N=8,792 f_sky_raw=0.8304 eff=0.7501 — NaMaster starting
[fgas-4sigma] q>3: N=8,205 f_sky_raw=0.8457 eff=0.7700 — NaMaster starting
[fgas-8sigma] q>3: N=7,641 f_sky_raw=0.8540 eff=0.7821 — NaMaster starting
[Mstar-1sigma] wrote Dl_yy_L1_m9_Mstar-1sigma_masked_qgt3_qfrommap_binned_18.txt in 19.0 min (elapsed 37.4 min)
[Mstar-1sigma] done in 37.4 min
[Mstar-1sigma_fgas-4sigma] computing ['qgt6', 'qgt3'] (04:01:20)
  catalogue: 1,375,041 halos
[Mstar-1sigma_fgas-4sigma] catalogue 1,375,041 from halo_catalogue_M500c_5e13_zlt3_Mstar-1sigma_fgas-4sigma_yang26rot_qfrommap.csv
[Mstar-1sigma_fgas-4sigma] rotation sanity: rot=4.55, nat=0.99
[Jet] wrote Dl_yy_L1_m9_Jet_masked_qgt3_qfrommap_binned_18.txt in 19.5 min (elapsed 38.2 min)
[Jet] done in 38.2 min
[fiducial] wrote Dl_yy_L1_m9_masked_qgt3_qfrommap_binned_18.txt in 20.0 min (elapsed 38.6 min)
[fiducial] done in 38.6 min
[Jet_fgas-4sigma] wrote Dl_yy_L1_m9_Jet_fgas-4sigma_masked_qgt3_qfrommap_binned_18.txt in 20.1 min (elapsed 39.1 min)
[Jet_fgas-4sigma] done in 39.1 min
[fgas-4sigma] wrote Dl_yy_L1_m9_fgas-4sigma_masked_qgt3_qfrommap_binned_18.txt in 20.2 min (elapsed 39.4 min)
[fgas-4sigma] done in 39.4 min
[fgas-2sigma] wrote Dl_yy_L1_m9_fgas-2sigma_masked_qgt3_qfrommap_binned_18.txt in 20.3 min (elapsed 39.4 min)
[fgas-2sigma] done in 39.4 min
[fgas+2sigma] wrote Dl_yy_L1_m9_fgas+2sigma_masked_qgt3_qfrommap_binned_18.txt in 20.3 min (elapsed 39.4 min)
[fgas+2sigma] done in 39.4 min
[fgas-8sigma] wrote Dl_yy_L1_m9_fgas-8sigma_masked_qgt3_qfrommap_binned_18.txt in 20.4 min (elapsed 39.5 min)
[fgas-8sigma] done in 39.5 min
[Mstar-1sigma_fgas-4sigma] q>6: N=2,116 f_sky_raw=0.9180 eff=0.8891 — NaMaster starting
[Mstar-1sigma_fgas-4sigma] wrote Dl_yy_L1_m9_Mstar-1sigma_fgas-4sigma_masked_qgt6_qfrommap_binned_18.txt in 13.8 min (elapsed 13.9 min)
[Mstar-1sigma_fgas-4sigma] q>3: N=8,558 f_sky_raw=0.8429 eff=0.7647 — NaMaster starting
[Mstar-1sigma_fgas-4sigma] wrote Dl_yy_L1_m9_Mstar-1sigma_fgas-4sigma_masked_qgt3_qfrommap_binned_18.txt in 13.5 min (elapsed 27.4 min)
[Mstar-1sigma_fgas-4sigma] done in 27.4 min

wrote /scratch/scratch-lxu/flamingo_repo/data_paper/binned_bandpowers/L1_m9_feedback_multi_q_bandpowers_qfrommap_metadata.json
ALL DONE in 64.8 min
=== L2p8_m9: q>6 only ===
  catalogue: 1,000,000 rows
  catalogue: 1,555,542 rows
  catalogue: 1,555,542 halos total
  nside=4096, 1,555,542 halos
  masking 2,218 halos
  f_sky raw=0.8752 eff=0.8447
  wrote qgt6 (774s)
