OUT_DIR=/scratch/scratch-lxu/flamingo_repo/data_paper/binned_bandpowers
variants=['fiducial', 'fgas+2sigma', 'fgas-2sigma', 'fgas-4sigma', 'fgas-8sigma', 'Jet', 'Jet_fgas-4sigma', 'Mstar-1sigma', 'Mstar-1sigma_fgas-4sigma']
selection=qfrommap q_column=q_from_aperture
q_cuts=[50.0, 20.0, 10.0, 5.0, 1.0]
workers=8  OMP_NUM_THREADS=8
[fiducial] computing ['qgt10', 'qgt5', 'qgt1'] (20:05:50)
[fgas+2sigma] computing ['qgt20', 'qgt10', 'qgt5', 'qgt1'] (20:05:50)
[fgas-2sigma] computing ['qgt50', 'qgt20', 'qgt10', 'qgt5', 'qgt1'] (20:05:50)
[fgas-4sigma] computing ['qgt50', 'qgt20', 'qgt10', 'qgt5', 'qgt1'] (20:05:50)
[fgas-8sigma] computing ['qgt50', 'qgt20', 'qgt10', 'qgt5', 'qgt1'] (20:05:50)
[Mstar-1sigma] computing ['qgt50', 'qgt20', 'qgt10', 'qgt5', 'qgt1'] (20:05:50)
[Jet] computing ['qgt50', 'qgt20', 'qgt10', 'qgt5', 'qgt1'] (20:05:50)
[Jet_fgas-4sigma] computing ['qgt50', 'qgt20', 'qgt10', 'qgt5', 'qgt1'] (20:05:50)
  catalogue: 1,334,015 halos
[fgas-8sigma] catalogue 1,334,015 from halo_catalogue_M500c_5e13_zlt3_fgas-8sigma_yang26rot_qfrommap.csv
[fgas-8sigma] rotation sanity: rot=4.02, nat=0.99
  catalogue: 1,538,317 halos
[fiducial] catalogue 1,538,317 from halo_catalogue_M500c_5e13_zlt3_L1_m9_yang26rot_qfrommap.csv
[fiducial] rotation sanity: rot=5.50, nat=1.00
  catalogue: 1,479,333 halos
[Mstar-1sigma] catalogue 1,479,333 from halo_catalogue_M500c_5e13_zlt3_Mstar-1sigma_yang26rot_qfrommap.csv
[Mstar-1sigma] rotation sanity: rot=5.32, nat=0.99
  catalogue: 1,331,629 halos
[Jet_fgas-4sigma] catalogue 1,331,629 from halo_catalogue_M500c_5e13_zlt3_Jet_fgas-4sigma_yang26rot_qfrommap.csv
[Jet_fgas-4sigma] rotation sanity: rot=4.15, nat=0.99
  catalogue: 1,620,947 halos
[fgas+2sigma] catalogue 1,620,947 from halo_catalogue_M500c_5e13_zlt3_fgas+2sigma_yang26rot_qfrommap.csv
[fgas+2sigma] rotation sanity: rot=5.68, nat=0.99
  catalogue: 1,408,414 halos
[fgas-4sigma] catalogue 1,408,414 from halo_catalogue_M500c_5e13_zlt3_fgas-4sigma_yang26rot_qfrommap.csv
[fgas-4sigma] rotation sanity: rot=4.78, nat=1.00
  catalogue: 1,468,895 halos
[fgas-2sigma] catalogue 1,468,895 from halo_catalogue_M500c_5e13_zlt3_fgas-2sigma_yang26rot_qfrommap.csv
[fgas-2sigma] rotation sanity: rot=5.16, nat=1.01
  catalogue: 1,558,242 halos
[Jet] catalogue 1,558,242 from halo_catalogue_M500c_5e13_zlt3_Jet_yang26rot_qfrommap.csv
[Jet] rotation sanity: rot=5.42, nat=1.00
[fiducial] q>10: N=589 f_sky_raw=0.9549 eff=0.9436 — NaMaster starting
[fgas+2sigma] q>20: N=87 f_sky_raw=0.9864 eff=0.9839 — NaMaster starting
[fgas-8sigma] q>50: N=5 f_sky_raw=0.9977 eff=0.9974 — NaMaster starting
[Jet] q>50: N=4 f_sky_raw=0.9979 eff=0.9976 — NaMaster starting
[Mstar-1sigma] q>50: N=6 f_sky_raw=0.9976 eff=0.9973 — NaMaster starting
[Jet_fgas-4sigma] q>50: N=6 f_sky_raw=0.9976 eff=0.9973 — NaMaster starting
[fgas-4sigma] q>50: N=6 f_sky_raw=0.9976 eff=0.9973 — NaMaster starting
[fgas-2sigma] q>50: N=4 f_sky_raw=0.9979 eff=0.9976 — NaMaster starting
[fiducial] wrote Dl_yy_L1_m9_masked_qgt10_qfrommap_binned_18.txt in 20.7 min (elapsed 20.9 min)
[fgas+2sigma] wrote Dl_yy_L1_m9_fgas+2sigma_masked_qgt20_qfrommap_binned_18.txt in 21.0 min (elapsed 21.1 min)
[Mstar-1sigma] wrote Dl_yy_L1_m9_Mstar-1sigma_masked_qgt50_qfrommap_binned_18.txt in 21.0 min (elapsed 21.2 min)
[fgas-8sigma] wrote Dl_yy_L1_m9_fgas-8sigma_masked_qgt50_qfrommap_binned_18.txt in 21.1 min (elapsed 21.2 min)
[fgas-4sigma] wrote Dl_yy_L1_m9_fgas-4sigma_masked_qgt50_qfrommap_binned_18.txt in 21.1 min (elapsed 21.2 min)
[Jet_fgas-4sigma] wrote Dl_yy_L1_m9_Jet_fgas-4sigma_masked_qgt50_qfrommap_binned_18.txt in 21.2 min (elapsed 21.3 min)
[Jet] wrote Dl_yy_L1_m9_Jet_masked_qgt50_qfrommap_binned_18.txt in 21.2 min (elapsed 21.3 min)
[fgas-2sigma] wrote Dl_yy_L1_m9_fgas-2sigma_masked_qgt50_qfrommap_binned_18.txt in 21.2 min (elapsed 21.3 min)
[fiducial] q>5: N=3,090 f_sky_raw=0.8975 eff=0.8595 — NaMaster starting
[fgas+2sigma] q>10: N=584 f_sky_raw=0.9536 eff=0.9422 — NaMaster starting
[Mstar-1sigma] q>20: N=94 f_sky_raw=0.9864 eff=0.9839 — NaMaster starting
[fgas-8sigma] q>20: N=82 f_sky_raw=0.9887 eff=0.9865 — NaMaster starting
[fgas-4sigma] q>20: N=86 f_sky_raw=0.9883 eff=0.9861 — NaMaster starting
[Jet_fgas-4sigma] q>20: N=85 f_sky_raw=0.9885 eff=0.9862 — NaMaster starting
[Jet] q>20: N=78 f_sky_raw=0.9887 eff=0.9866 — NaMaster starting
[fgas-2sigma] q>20: N=88 f_sky_raw=0.9882 eff=0.9858 — NaMaster starting
[fiducial] wrote Dl_yy_L1_m9_masked_qgt5_qfrommap_binned_18.txt in 21.3 min (elapsed 42.1 min)
[fgas+2sigma] wrote Dl_yy_L1_m9_fgas+2sigma_masked_qgt10_qfrommap_binned_18.txt in 21.7 min (elapsed 42.8 min)
[fgas-8sigma] wrote Dl_yy_L1_m9_fgas-8sigma_masked_qgt20_qfrommap_binned_18.txt in 21.8 min (elapsed 43.0 min)
[Mstar-1sigma] wrote Dl_yy_L1_m9_Mstar-1sigma_masked_qgt20_qfrommap_binned_18.txt in 21.9 min (elapsed 43.1 min)
[fgas-2sigma] wrote Dl_yy_L1_m9_fgas-2sigma_masked_qgt20_qfrommap_binned_18.txt in 21.8 min (elapsed 43.1 min)
[Jet_fgas-4sigma] wrote Dl_yy_L1_m9_Jet_fgas-4sigma_masked_qgt20_qfrommap_binned_18.txt in 21.9 min (elapsed 43.2 min)
[Jet] wrote Dl_yy_L1_m9_Jet_masked_qgt20_qfrommap_binned_18.txt in 21.9 min (elapsed 43.2 min)
[fgas-4sigma] wrote Dl_yy_L1_m9_fgas-4sigma_masked_qgt20_qfrommap_binned_18.txt in 22.0 min (elapsed 43.3 min)
[fiducial] q>1: N=57,967 f_sky_raw=0.5587 eff=0.3381 — NaMaster starting
[fgas+2sigma] q>5: N=3,079 f_sky_raw=0.8947 eff=0.8565 — NaMaster starting
[fgas-8sigma] q>10: N=553 f_sky_raw=0.9601 eff=0.9497 — NaMaster starting
[Mstar-1sigma] q>10: N=630 f_sky_raw=0.9532 eff=0.9414 — NaMaster starting
[fgas-2sigma] q>10: N=587 f_sky_raw=0.9567 eff=0.9456 — NaMaster starting
[Jet_fgas-4sigma] q>10: N=569 f_sky_raw=0.9575 eff=0.9466 — NaMaster starting
[Jet] q>10: N=523 f_sky_raw=0.9578 eff=0.9475 — NaMaster starting
[fgas-4sigma] q>10: N=575 f_sky_raw=0.9579 eff=0.9471 — NaMaster starting
[fiducial] wrote Dl_yy_L1_m9_masked_qgt1_qfrommap_binned_18.txt in 18.1 min (elapsed 60.2 min)
[fiducial] done in 60.2 min
[Mstar-1sigma_fgas-4sigma] computing ['qgt50', 'qgt20', 'qgt10', 'qgt5', 'qgt1'] (21:06:01)
  catalogue: 1,375,041 halos
[Mstar-1sigma_fgas-4sigma] catalogue 1,375,041 from halo_catalogue_M500c_5e13_zlt3_Mstar-1sigma_fgas-4sigma_yang26rot_qfrommap.csv
[Mstar-1sigma_fgas-4sigma] rotation sanity: rot=4.55, nat=0.99
[Mstar-1sigma_fgas-4sigma] q>50: N=7 f_sky_raw=0.9973 eff=0.9970 — NaMaster starting
[fgas+2sigma] wrote Dl_yy_L1_m9_fgas+2sigma_masked_qgt5_qfrommap_binned_18.txt in 20.1 min (elapsed 62.9 min)
[Mstar-1sigma] wrote Dl_yy_L1_m9_Mstar-1sigma_masked_qgt10_qfrommap_binned_18.txt in 20.1 min (elapsed 63.2 min)
[fgas-8sigma] wrote Dl_yy_L1_m9_fgas-8sigma_masked_qgt10_qfrommap_binned_18.txt in 20.2 min (elapsed 63.3 min)
[fgas-2sigma] wrote Dl_yy_L1_m9_fgas-2sigma_masked_qgt10_qfrommap_binned_18.txt in 20.2 min (elapsed 63.3 min)
[fgas-4sigma] wrote Dl_yy_L1_m9_fgas-4sigma_masked_qgt10_qfrommap_binned_18.txt in 20.1 min (elapsed 63.3 min)
[Jet] wrote Dl_yy_L1_m9_Jet_masked_qgt10_qfrommap_binned_18.txt in 20.2 min (elapsed 63.4 min)
[Jet_fgas-4sigma] wrote Dl_yy_L1_m9_Jet_fgas-4sigma_masked_qgt10_qfrommap_binned_18.txt in 20.3 min (elapsed 63.5 min)
[fgas+2sigma] q>1: N=59,181 f_sky_raw=0.5501 eff=0.3298 — NaMaster starting
[Mstar-1sigma] q>5: N=3,218 f_sky_raw=0.8962 eff=0.8571 — NaMaster starting
[fgas-8sigma] q>5: N=2,750 f_sky_raw=0.9094 eff=0.8750 — NaMaster starting
[fgas-2sigma] q>5: N=3,002 f_sky_raw=0.9007 eff=0.8636 — NaMaster starting
[fgas-4sigma] q>5: N=2,908 f_sky_raw=0.9043 eff=0.8683 — NaMaster starting
[Jet] q>5: N=2,841 f_sky_raw=0.9017 eff=0.8660 — NaMaster starting
[Jet_fgas-4sigma] q>5: N=2,884 f_sky_raw=0.9049 eff=0.8691 — NaMaster starting
[Mstar-1sigma_fgas-4sigma] wrote Dl_yy_L1_m9_Mstar-1sigma_fgas-4sigma_masked_qgt50_qfrommap_binned_18.txt in 13.5 min (elapsed 13.7 min)
[Mstar-1sigma_fgas-4sigma] q>20: N=94 f_sky_raw=0.9879 eff=0.9854 — NaMaster starting
[fgas+2sigma] wrote Dl_yy_L1_m9_fgas+2sigma_masked_qgt1_qfrommap_binned_18.txt in 15.8 min (elapsed 78.7 min)
[fgas+2sigma] done in 78.7 min
[Jet] wrote Dl_yy_L1_m9_Jet_masked_qgt5_qfrommap_binned_18.txt in 17.0 min (elapsed 80.5 min)
[fgas-8sigma] wrote Dl_yy_L1_m9_fgas-8sigma_masked_qgt5_qfrommap_binned_18.txt in 17.2 min (elapsed 80.5 min)
[Mstar-1sigma] wrote Dl_yy_L1_m9_Mstar-1sigma_masked_qgt5_qfrommap_binned_18.txt in 17.3 min (elapsed 80.6 min)
[fgas-4sigma] wrote Dl_yy_L1_m9_fgas-4sigma_masked_qgt5_qfrommap_binned_18.txt in 17.2 min (elapsed 80.6 min)
[Jet_fgas-4sigma] wrote Dl_yy_L1_m9_Jet_fgas-4sigma_masked_qgt5_qfrommap_binned_18.txt in 17.2 min (elapsed 80.7 min)
[fgas-2sigma] wrote Dl_yy_L1_m9_fgas-2sigma_masked_qgt5_qfrommap_binned_18.txt in 17.4 min (elapsed 80.7 min)
[Jet] q>1: N=53,773 f_sky_raw=0.5756 eff=0.3593 — NaMaster starting
[Mstar-1sigma] q>1: N=59,418 f_sky_raw=0.5532 eff=0.3307 — NaMaster starting
[fgas-8sigma] q>1: N=49,014 f_sky_raw=0.6052 eff=0.3924 — NaMaster starting
[fgas-4sigma] q>1: N=53,101 f_sky_raw=0.5838 eff=0.3666 — NaMaster starting
[fgas-2sigma] q>1: N=55,698 f_sky_raw=0.5701 eff=0.3506 — NaMaster starting
[Jet_fgas-4sigma] q>1: N=52,304 f_sky_raw=0.5883 eff=0.3712 — NaMaster starting
[Mstar-1sigma_fgas-4sigma] wrote Dl_yy_L1_m9_Mstar-1sigma_fgas-4sigma_masked_qgt20_qfrommap_binned_18.txt in 11.9 min (elapsed 25.6 min)
[Mstar-1sigma_fgas-4sigma] q>10: N=609 f_sky_raw=0.9565 eff=0.9452 — NaMaster starting
[Mstar-1sigma] wrote Dl_yy_L1_m9_Mstar-1sigma_masked_qgt1_qfrommap_binned_18.txt in 16.0 min (elapsed 96.5 min)
[Mstar-1sigma] done in 96.5 min
[fgas-2sigma] wrote Dl_yy_L1_m9_fgas-2sigma_masked_qgt1_qfrommap_binned_18.txt in 16.4 min (elapsed 97.1 min)
[fgas-2sigma] done in 97.1 min
[Jet] wrote Dl_yy_L1_m9_Jet_masked_qgt1_qfrommap_binned_18.txt in 16.7 min (elapsed 97.2 min)
[Jet] done in 97.2 min
[fgas-8sigma] wrote Dl_yy_L1_m9_fgas-8sigma_masked_qgt1_qfrommap_binned_18.txt in 16.7 min (elapsed 97.2 min)
[fgas-8sigma] done in 97.2 min
[Jet_fgas-4sigma] wrote Dl_yy_L1_m9_Jet_fgas-4sigma_masked_qgt1_qfrommap_binned_18.txt in 16.7 min (elapsed 97.4 min)
[Jet_fgas-4sigma] done in 97.4 min
[fgas-4sigma] wrote Dl_yy_L1_m9_fgas-4sigma_masked_qgt1_qfrommap_binned_18.txt in 16.9 min (elapsed 97.5 min)
[fgas-4sigma] done in 97.5 min
[Mstar-1sigma_fgas-4sigma] wrote Dl_yy_L1_m9_Mstar-1sigma_fgas-4sigma_masked_qgt10_qfrommap_binned_18.txt in 14.0 min (elapsed 39.6 min)
[Mstar-1sigma_fgas-4sigma] q>5: N=3,051 f_sky_raw=0.9027 eff=0.8654 — NaMaster starting
[Mstar-1sigma_fgas-4sigma] wrote Dl_yy_L1_m9_Mstar-1sigma_fgas-4sigma_masked_qgt5_qfrommap_binned_18.txt in 10.0 min (elapsed 49.6 min)
[Mstar-1sigma_fgas-4sigma] q>1: N=54,872 f_sky_raw=0.5767 eff=0.3571 — NaMaster starting
[Mstar-1sigma_fgas-4sigma] wrote Dl_yy_L1_m9_Mstar-1sigma_fgas-4sigma_masked_qgt1_qfrommap_binned_18.txt in 9.7 min (elapsed 59.3 min)
[Mstar-1sigma_fgas-4sigma] done in 59.3 min

wrote /scratch/scratch-lxu/flamingo_repo/data_paper/binned_bandpowers/L1_m9_feedback_multi_q_bandpowers_qfrommap_metadata.json
ALL DONE in 119.5 min
L1 completeness gate passed: 90/90

########## L2p8_m9_lc0 ##########
=== map + catalogue ===

########## L2p8_m9_lc1 ##########
=== map + catalogue ===

########## L2p8_m9_lc2 ##########
=== map + catalogue ===

########## L2p8_m9_lc3 ##########
=== map + catalogue ===

########## L2p8_m9_lc4 ##########
=== map + catalogue ===

########## L2p8_m9_lc5 ##########
=== map + catalogue ===

########## L2p8_m9_lc7 ##########
=== map + catalogue ===

########## L2p8_m9_lc6 ##########
=== map + catalogue ===
  catalogue: 1,000,000 rows
  catalogue: 1,555,542 rows
  catalogue: 1,555,542 halos total
  nside=4096, 1,555,542 halos, mean y=1.536e-06
  rotation sanity: rot ratio=5.46, nat ratio=1.44
=== reusing existing full-sky products ===
=== q>50: masking 12 halos (radius floor 20 arcmin) ===
  catalogue: 1,000,000 rows
  catalogue: 1,000,000 rows
  catalogue: 1,000,000 rows
  catalogue: 1,000,000 rows
  catalogue: 1,000,000 rows
  catalogue: 1,000,000 rows
  catalogue: 1,556,479 rows
  catalogue: 1,556,479 halos total
  nside=4096, 1,556,479 halos, mean y=1.517e-06
  rotation sanity: rot ratio=5.55, nat ratio=1.49
=== reusing existing full-sky products ===
=== q>50: masking 5 halos (radius floor 20 arcmin) ===
  catalogue: 1,556,480 rows
  catalogue: 1,556,480 halos total
  nside=4096, 1,556,480 halos, mean y=1.518e-06
  rotation sanity: rot ratio=5.67, nat ratio=1.50
=== reusing existing full-sky products ===
=== q>50: masking 4 halos (radius floor 20 arcmin) ===
  catalogue: 1,556,492 rows
  catalogue: 1,556,492 halos total
  nside=4096, 1,556,492 halos, mean y=1.525e-06
  rotation sanity: rot ratio=5.52, nat ratio=1.44
=== reusing existing full-sky products ===
=== q>50: masking 12 halos (radius floor 20 arcmin) ===
  catalogue: 1,557,545 rows
  catalogue: 1,557,545 halos total
  nside=4096, 1,557,545 halos, mean y=1.518e-06
  rotation sanity: rot ratio=5.58, nat ratio=1.47
=== reusing existing full-sky products ===
=== q>50: masking 7 halos (radius floor 20 arcmin) ===
  catalogue: 1,000,000 rows
  catalogue: 1,556,158 rows
  catalogue: 1,556,158 halos total
  nside=4096, 1,556,158 halos, mean y=1.508e-06
  rotation sanity: rot ratio=5.63, nat ratio=1.47
=== reusing existing full-sky products ===
=== q>50: masking 4 halos (radius floor 20 arcmin) ===
  catalogue: 1,555,781 rows
  catalogue: 1,555,781 halos total
  nside=4096, 1,555,781 halos, mean y=1.531e-06
  rotation sanity: rot ratio=5.50, nat ratio=1.45
=== reusing existing full-sky products ===
=== q>50: masking 12 halos (radius floor 20 arcmin) ===
  catalogue: 1,556,283 rows
  catalogue: 1,556,283 halos total
  nside=4096, 1,556,283 halos, mean y=1.521e-06
  rotation sanity: rot ratio=5.53, nat ratio=1.46
=== reusing existing full-sky products ===
=== q>50: masking 11 halos (radius floor 20 arcmin) ===
  f_sky raw=0.9915 eff=0.9909 (162s)
  f_sky raw=0.9987 eff=0.9986 (197s)
  f_sky raw=0.9983 eff=0.9981 (202s)
  f_sky raw=0.9955 eff=0.9949 (202s)
  f_sky raw=0.9983 eff=0.9980 (205s)
  f_sky raw=0.9995 eff=0.9994 (207s)
  f_sky raw=0.9936 eff=0.9930 (208s)
  f_sky raw=0.9956 eff=0.9951 (209s)
  wrote qgt50 bandpowers (1302s)
=== q>20: masking 124 halos (radius floor 20 arcmin) ===
  wrote qgt50 bandpowers (1363s)
=== q>20: masking 116 halos (radius floor 20 arcmin) ===
  wrote qgt50 bandpowers (1377s)
=== q>20: masking 116 halos (radius floor 20 arcmin) ===
  wrote qgt50 bandpowers (1377s)
=== q>20: masking 120 halos (radius floor 20 arcmin) ===
  wrote qgt50 bandpowers (1378s)
=== q>20: masking 112 halos (radius floor 20 arcmin) ===
  wrote qgt50 bandpowers (1382s)
=== q>20: masking 118 halos (radius floor 20 arcmin) ===
  wrote qgt50 bandpowers (1385s)
=== q>20: masking 129 halos (radius floor 20 arcmin) ===
  wrote qgt50 bandpowers (1385s)
=== q>20: masking 115 halos (radius floor 20 arcmin) ===
  f_sky raw=0.9551 eff=0.9510 (1406s)
  f_sky raw=0.9831 eff=0.9800 (1471s)
  f_sky raw=0.9794 eff=0.9759 (1486s)
  f_sky raw=0.9840 eff=0.9809 (1487s)
  f_sky raw=0.9897 eff=0.9871 (1489s)
  f_sky raw=0.9851 eff=0.9821 (1492s)
  f_sky raw=0.9736 eff=0.9702 (1495s)
  f_sky raw=0.9811 eff=0.9777 (1495s)
  wrote qgt20 bandpowers (2440s)
=== q>10: masking 700 halos (radius floor 20 arcmin) ===
  f_sky raw=0.9166 eff=0.9032 (2538s)
  wrote qgt20 bandpowers (2573s)
=== q>10: masking 706 halos (radius floor 20 arcmin) ===
  wrote qgt20 bandpowers (2594s)
=== q>10: masking 657 halos (radius floor 20 arcmin) ===
  wrote qgt20 bandpowers (2594s)
=== q>10: masking 656 halos (radius floor 20 arcmin) ===
  wrote qgt20 bandpowers (2596s)
=== q>10: masking 689 halos (radius floor 20 arcmin) ===
  wrote qgt20 bandpowers (2596s)
=== q>10: masking 676 halos (radius floor 20 arcmin) ===
  wrote qgt20 bandpowers (2597s)
=== q>10: masking 690 halos (radius floor 20 arcmin) ===
  wrote qgt20 bandpowers (2602s)
=== q>10: masking 725 halos (radius floor 20 arcmin) ===
  f_sky raw=0.9525 eff=0.9400 (2681s)
  f_sky raw=0.9446 eff=0.9324 (2701s)
  f_sky raw=0.9661 eff=0.9551 (2703s)
  f_sky raw=0.9481 eff=0.9356 (2703s)
  f_sky raw=0.9540 eff=0.9415 (2704s)
  f_sky raw=0.9561 eff=0.9439 (2704s)
  f_sky raw=0.9492 eff=0.9361 (2711s)
  wrote qgt10 bandpowers (3295s)
=== q>5: masking 3,268 halos (radius floor 20 arcmin) ===
  f_sky raw=0.8574 eff=0.8173 (3391s)
  wrote qgt10 bandpowers (3628s)
=== q>5: masking 3,168 halos (radius floor 20 arcmin) ===
  wrote qgt10 bandpowers (3644s)
=== q>5: masking 3,143 halos (radius floor 20 arcmin) ===
  wrote qgt10 bandpowers (3649s)
=== q>5: masking 3,130 halos (radius floor 20 arcmin) ===
  wrote qgt10 bandpowers (3653s)
=== q>5: masking 3,132 halos (radius floor 20 arcmin) ===
  wrote qgt10 bandpowers (3655s)
=== q>5: masking 3,099 halos (radius floor 20 arcmin) ===
  wrote qgt10 bandpowers (3658s)
=== q>5: masking 3,292 halos (radius floor 20 arcmin) ===
  wrote qgt10 bandpowers (3664s)
=== q>5: masking 3,339 halos (radius floor 20 arcmin) ===
  f_sky raw=0.8987 eff=0.8603 (3732s)
  f_sky raw=0.8883 eff=0.8499 (3748s)
  f_sky raw=0.9135 eff=0.8760 (3755s)
  f_sky raw=0.9009 eff=0.8623 (3759s)
  f_sky raw=0.8917 eff=0.8531 (3759s)
  f_sky raw=0.9007 eff=0.8610 (3764s)
  f_sky raw=0.8889 eff=0.8481 (3770s)
  wrote qgt5 bandpowers (4022s)
=== q>1: masking 59,378 halos (radius floor 20 arcmin) ===
  f_sky raw=0.5298 eff=0.3191 (4105s)
  wrote qgt5 bandpowers (4643s)
=== q>1: masking 58,546 halos (radius floor 20 arcmin) ===
  wrote qgt5 bandpowers (4686s)
=== q>1: masking 58,234 halos (radius floor 20 arcmin) ===
  wrote qgt5 bandpowers (4697s)
=== q>1: masking 58,369 halos (radius floor 20 arcmin) ===
  wrote qgt5 bandpowers (4698s)
=== q>1: masking 58,637 halos (radius floor 20 arcmin) ===
  wrote qgt5 bandpowers (4718s)
=== q>1: masking 58,511 halos (radius floor 20 arcmin) ===
  wrote qgt5 bandpowers (4719s)
=== q>1: masking 58,733 halos (radius floor 20 arcmin) ===
  f_sky raw=0.5588 eff=0.3369 (4725s)
  wrote qgt5 bandpowers (4726s)
=== q>1: masking 58,813 halos (radius floor 20 arcmin) ===
  f_sky raw=0.5693 eff=0.3459 (4770s)
  f_sky raw=0.5527 eff=0.3359 (4782s)
  f_sky raw=0.5585 eff=0.3373 (4782s)
  f_sky raw=0.5535 eff=0.3351 (4802s)
  f_sky raw=0.5578 eff=0.3373 (4805s)
  f_sky raw=0.5515 eff=0.3335 (4811s)
  wrote qgt1 bandpowers (4874s)
done L2p8_m9_lc0 (4874s)
  wrote qgt1 bandpowers (5661s)
done L2p8_m9_lc5 (5661s)
  wrote qgt1 bandpowers (5792s)
done L2p8_m9_lc7 (5792s)
  wrote qgt1 bandpowers (5828s)
done L2p8_m9_lc2 (5828s)
  wrote qgt1 bandpowers (5830s)
done L2p8_m9_lc3 (5830s)
  wrote qgt1 bandpowers (5840s)
done L2p8_m9_lc4 (5840s)
  wrote qgt1 bandpowers (5844s)
done L2p8_m9_lc1 (5844s)
  wrote qgt1 bandpowers (5845s)
done L2p8_m9_lc6 (5845s)
L2 completeness gate passed: 80/80
wrote /scratch/scratch-lxu/flamingo_repo/figures/masked_ps/l1_l2p8_m9_masked_ps_binned_18_qfrommap.png
wrote /scratch/scratch-lxu/flamingo_repo/figures/masked_ps/l1_l2p8_m9_masked_ps_binned_18_qfrommap.pdf
wrote /scratch/scratch-lxu/flamingo_repo/figures/masked_ps/l1_l2p8_m9_masked_ps_logbins_qfrommap.png
wrote /scratch/scratch-lxu/flamingo_repo/figures/masked_ps/l1_l2p8_m9_masked_ps_logbins_qfrommap.pdf
