fgas-2sigma lc0: 13 rotation groups, shells 0..59
group 0: shells 0-1  theta=0.00000 phi=0.00000  z=[0.001,0.100]
  shell 0: streaming FLAMINGO/L1_m9/fgas-2sigma/healpix_maps/nside_4096/lightcone0_shells/shell_0/lightcone0.shell_0.0.hdf5
  shell 0: streamed sum=7.8193 (61s)
  shell 1: streaming FLAMINGO/L1_m9/fgas-2sigma/healpix_maps/nside_4096/lightcone0_shells/shell_1/lightcone0.shell_1.0.hdf5
  shell 1: streamed sum=8.9347 (77s)
group 0: wrote comptonY_fgas-2sigma_lc0_nside4096_rotgroup0_shells0-1.fits  sum(y)=16.7540  (140s)
group 1: shells 2-4  theta=3.26758 phi=1.41519  z=[0.100,0.250]
  shell 2: streaming FLAMINGO/L1_m9/fgas-2sigma/healpix_maps/nside_4096/lightcone0_shells/shell_2/lightcone0.shell_2.0.hdf5
  shell 2: streamed sum=9.4276 (39s)
  shell 3: streaming FLAMINGO/L1_m9/fgas-2sigma/healpix_maps/nside_4096/lightcone0_shells/shell_3/lightcone0.shell_3.0.hdf5
  shell 3: streamed sum=9.6190 (71s)
  shell 4: streaming FLAMINGO/L1_m9/fgas-2sigma/healpix_maps/nside_4096/lightcone0_shells/shell_4/lightcone0.shell_4.0.hdf5
  shell 4: streamed sum=9.7242 (58s)
group 1: wrote comptonY_fgas-2sigma_lc0_nside4096_rotgroup1_shells2-4.fits  sum(y)=28.7707  (171s)
group 2: shells 5-6  theta=1.51290 phi=0.80580  z=[0.250,0.350]
  shell 5: streaming FLAMINGO/L1_m9/fgas-2sigma/healpix_maps/nside_4096/lightcone0_shells/shell_5/lightcone0.shell_5.0.hdf5
  shell 5: streamed sum=9.7500 (41s)
  shell 6: streaming FLAMINGO/L1_m9/fgas-2sigma/healpix_maps/nside_4096/lightcone0_shells/shell_6/lightcone0.shell_6.0.hdf5
  shell 6: streamed sum=9.7521 (76s)
group 2: wrote comptonY_fgas-2sigma_lc0_nside4096_rotgroup2_shells5-6.fits  sum(y)=19.5022  (119s)
group 3: shells 7-9  theta=3.13886 phi=0.71831  z=[0.350,0.500]
  shell 7: streaming FLAMINGO/L1_m9/fgas-2sigma/healpix_maps/nside_4096/lightcone0_shells/shell_7/lightcone0.shell_7.0.hdf5
  shell 7: streamed sum=9.7236 (34s)
  shell 8: streaming FLAMINGO/L1_m9/fgas-2sigma/healpix_maps/nside_4096/lightcone0_shells/shell_8/lightcone0.shell_8.0.hdf5
  shell 8: streamed sum=9.5832 (79s)
  shell 9: streaming FLAMINGO/L1_m9/fgas-2sigma/healpix_maps/nside_4096/lightcone0_shells/shell_9/lightcone0.shell_9.0.hdf5
  shell 9: streamed sum=9.6311 (61s)
group 3: wrote comptonY_fgas-2sigma_lc0_nside4096_rotgroup3_shells7-9.fits  sum(y)=28.9379  (177s)
group 4: shells 10-13  theta=2.17061 phi=1.77537  z=[0.500,0.700]
  shell 10: streaming FLAMINGO/L1_m9/fgas-2sigma/healpix_maps/nside_4096/lightcone0_shells/shell_10/lightcone0.shell_10.0.hdf5
  shell 10: streamed sum=9.3344 (58s)
  shell 11: streaming FLAMINGO/L1_m9/fgas-2sigma/healpix_maps/nside_4096/lightcone0_shells/shell_11/lightcone0.shell_11.0.hdf5
  shell 11: streamed sum=9.1896 (61s)
  shell 12: streaming FLAMINGO/L1_m9/fgas-2sigma/healpix_maps/nside_4096/lightcone0_shells/shell_12/lightcone0.shell_12.0.hdf5
  shell 12: streamed sum=8.9917 (61s)
  shell 13: streaming FLAMINGO/L1_m9/fgas-2sigma/healpix_maps/nside_4096/lightcone0_shells/shell_13/lightcone0.shell_13.0.hdf5
  shell 13: streamed sum=8.8554 (64s)
group 4: wrote comptonY_fgas-2sigma_lc0_nside4096_rotgroup4_shells10-13.fits  sum(y)=36.3710  (248s)
group 5: shells 14-16  theta=4.59421 phi=0.62435  z=[0.700,0.850]
  shell 14: streaming FLAMINGO/L1_m9/fgas-2sigma/healpix_maps/nside_4096/lightcone0_shells/shell_14/lightcone0.shell_14.0.hdf5
  shell 14: streamed sum=8.6038 (56s)
  shell 15: streaming FLAMINGO/L1_m9/fgas-2sigma/healpix_maps/nside_4096/lightcone0_shells/shell_15/lightcone0.shell_15.0.hdf5
  shell 15: streamed sum=8.3512 (60s)
  shell 16: streaming FLAMINGO/L1_m9/fgas-2sigma/healpix_maps/nside_4096/lightcone0_shells/shell_16/lightcone0.shell_16.0.hdf5
  shell 16: streamed sum=8.1324 (59s)
group 5: wrote comptonY_fgas-2sigma_lc0_nside4096_rotgroup5_shells14-16.fits  sum(y)=25.0874  (178s)
group 6: shells 17-20  theta=1.14274 phi=2.14077  z=[0.850,1.050]
  shell 17: streaming FLAMINGO/L1_m9/fgas-2sigma/healpix_maps/nside_4096/lightcone0_shells/shell_17/lightcone0.shell_17.0.hdf5
  shell 17: streamed sum=7.8906 (41s)
  shell 18: streaming FLAMINGO/L1_m9/fgas-2sigma/healpix_maps/nside_4096/lightcone0_shells/shell_18/lightcone0.shell_18.0.hdf5
  shell 18: streamed sum=7.5819 (60s)
  shell 19: streaming FLAMINGO/L1_m9/fgas-2sigma/healpix_maps/nside_4096/lightcone0_shells/shell_19/lightcone0.shell_19.0.hdf5
  shell 19: streamed sum=7.3308 (65s)
  shell 20: streaming FLAMINGO/L1_m9/fgas-2sigma/healpix_maps/nside_4096/lightcone0_shells/shell_20/lightcone0.shell_20.0.hdf5
  shell 20: streamed sum=7.0465 (62s)
group 6: wrote comptonY_fgas-2sigma_lc0_nside4096_rotgroup6_shells17-20.fits  sum(y)=29.8497  (231s)
group 7: shells 21-24  theta=2.02717 phi=0.49841  z=[1.050,1.250]
  shell 21: streaming FLAMINGO/L1_m9/fgas-2sigma/healpix_maps/nside_4096/lightcone0_shells/shell_21/lightcone0.shell_21.0.hdf5
  shell 21: streamed sum=6.8359 (37s)
  shell 22: streaming FLAMINGO/L1_m9/fgas-2sigma/healpix_maps/nside_4096/lightcone0_shells/shell_22/lightcone0.shell_22.0.hdf5
  shell 22: streamed sum=6.5621 (72s)
  shell 23: streaming FLAMINGO/L1_m9/fgas-2sigma/healpix_maps/nside_4096/lightcone0_shells/shell_23/lightcone0.shell_23.0.hdf5
  shell 23: streamed sum=6.3125 (63s)
  shell 24: streaming FLAMINGO/L1_m9/fgas-2sigma/healpix_maps/nside_4096/lightcone0_shells/shell_24/lightcone0.shell_24.0.hdf5
  shell 24: streamed sum=6.0227 (60s)
group 7: wrote comptonY_fgas-2sigma_lc0_nside4096_rotgroup7_shells21-24.fits  sum(y)=25.7332  (236s)
group 8: shells 25-29  theta=2.77675 phi=2.01363  z=[1.250,1.500]
  shell 25: streaming FLAMINGO/L1_m9/fgas-2sigma/healpix_maps/nside_4096/lightcone0_shells/shell_25/lightcone0.shell_25.0.hdf5
  shell 25: streamed sum=5.8080 (60s)
  shell 26: streaming FLAMINGO/L1_m9/fgas-2sigma/healpix_maps/nside_4096/lightcone0_shells/shell_26/lightcone0.shell_26.0.hdf5
  shell 26: streamed sum=5.5466 (60s)
  shell 27: streaming FLAMINGO/L1_m9/fgas-2sigma/healpix_maps/nside_4096/lightcone0_shells/shell_27/lightcone0.shell_27.0.hdf5
  shell 27: streamed sum=5.3105 (47s)
  shell 28: streaming FLAMINGO/L1_m9/fgas-2sigma/healpix_maps/nside_4096/lightcone0_shells/shell_28/lightcone0.shell_28.0.hdf5
  shell 28: streamed sum=5.0905 (61s)
  shell 29: streaming FLAMINGO/L1_m9/fgas-2sigma/healpix_maps/nside_4096/lightcone0_shells/shell_29/lightcone0.shell_29.0.hdf5
  shell 29: streamed sum=4.8507 (60s)
group 8: wrote comptonY_fgas-2sigma_lc0_nside4096_rotgroup8_shells25-29.fits  sum(y)=26.6064  (291s)
group 9: shells 30-35  theta=0.83245 phi=2.25357  z=[1.500,1.800]
  shell 30: streaming FLAMINGO/L1_m9/fgas-2sigma/healpix_maps/nside_4096/lightcone0_shells/shell_30/lightcone0.shell_30.0.hdf5
  shell 30: streamed sum=4.6277 (58s)
  shell 31: streaming FLAMINGO/L1_m9/fgas-2sigma/healpix_maps/nside_4096/lightcone0_shells/shell_31/lightcone0.shell_31.0.hdf5
  shell 31: streamed sum=4.4416 (59s)
  shell 32: streaming FLAMINGO/L1_m9/fgas-2sigma/healpix_maps/nside_4096/lightcone0_shells/shell_32/lightcone0.shell_32.0.hdf5
  shell 32: streamed sum=4.2429 (55s)
  shell 33: streaming FLAMINGO/L1_m9/fgas-2sigma/healpix_maps/nside_4096/lightcone0_shells/shell_33/lightcone0.shell_33.0.hdf5
  shell 33: streamed sum=4.0316 (56s)
  shell 34: streaming FLAMINGO/L1_m9/fgas-2sigma/healpix_maps/nside_4096/lightcone0_shells/shell_34/lightcone0.shell_34.0.hdf5
  shell 34: streamed sum=3.8497 (55s)
  shell 35: streaming FLAMINGO/L1_m9/fgas-2sigma/healpix_maps/nside_4096/lightcone0_shells/shell_35/lightcone0.shell_35.0.hdf5
  shell 35: streamed sum=3.6652 (49s)
group 9: wrote comptonY_fgas-2sigma_lc0_nside4096_rotgroup9_shells30-35.fits  sum(y)=24.8586  (337s)
group 10: shells 36-42  theta=4.95779 phi=1.85187  z=[1.800,2.150]
  shell 36: streaming FLAMINGO/L1_m9/fgas-2sigma/healpix_maps/nside_4096/lightcone0_shells/shell_36/lightcone0.shell_36.0.hdf5
  shell 36: streamed sum=3.4842 (56s)
  shell 37: streaming FLAMINGO/L1_m9/fgas-2sigma/healpix_maps/nside_4096/lightcone0_shells/shell_37/lightcone0.shell_37.0.hdf5
  shell 37: streamed sum=3.3081 (60s)
  shell 38: streaming FLAMINGO/L1_m9/fgas-2sigma/healpix_maps/nside_4096/lightcone0_shells/shell_38/lightcone0.shell_38.0.hdf5
  shell 38: streamed sum=3.1569 (55s)
  shell 39: streaming FLAMINGO/L1_m9/fgas-2sigma/healpix_maps/nside_4096/lightcone0_shells/shell_39/lightcone0.shell_39.0.hdf5
  shell 39: streamed sum=3.0103 (58s)
  shell 40: streaming FLAMINGO/L1_m9/fgas-2sigma/healpix_maps/nside_4096/lightcone0_shells/shell_40/lightcone0.shell_40.0.hdf5
  shell 40: streamed sum=2.8592 (54s)
  shell 41: streaming FLAMINGO/L1_m9/fgas-2sigma/healpix_maps/nside_4096/lightcone0_shells/shell_41/lightcone0.shell_41.0.hdf5
  shell 41: streamed sum=2.7130 (56s)
  shell 42: streaming FLAMINGO/L1_m9/fgas-2sigma/healpix_maps/nside_4096/lightcone0_shells/shell_42/lightcone0.shell_42.0.hdf5
  shell 42: streamed sum=2.5782 (55s)
group 10: wrote comptonY_fgas-2sigma_lc0_nside4096_rotgroup10_shells36-42.fits  sum(y)=21.1099  (398s)
group 11: shells 43-50  theta=2.52360 phi=1.36014  z=[2.150,2.550]
  shell 43: streaming FLAMINGO/L1_m9/fgas-2sigma/healpix_maps/nside_4096/lightcone0_shells/shell_43/lightcone0.shell_43.0.hdf5
  shell 43: streamed sum=2.4553 (55s)
  shell 44: streaming FLAMINGO/L1_m9/fgas-2sigma/healpix_maps/nside_4096/lightcone0_shells/shell_44/lightcone0.shell_44.0.hdf5
  shell 44: streamed sum=2.3223 (61s)
  shell 45: streaming FLAMINGO/L1_m9/fgas-2sigma/healpix_maps/nside_4096/lightcone0_shells/shell_45/lightcone0.shell_45.0.hdf5
  shell 45: streamed sum=2.2055 (52s)
  shell 46: streaming FLAMINGO/L1_m9/fgas-2sigma/healpix_maps/nside_4096/lightcone0_shells/shell_46/lightcone0.shell_46.0.hdf5
  shell 46: streamed sum=2.0947 (61s)
  shell 47: streaming FLAMINGO/L1_m9/fgas-2sigma/healpix_maps/nside_4096/lightcone0_shells/shell_47/lightcone0.shell_47.0.hdf5
  shell 47: streamed sum=1.9901 (55s)
  shell 48: streaming FLAMINGO/L1_m9/fgas-2sigma/healpix_maps/nside_4096/lightcone0_shells/shell_48/lightcone0.shell_48.0.hdf5
  shell 48: streamed sum=1.8850 (57s)
  shell 49: streaming FLAMINGO/L1_m9/fgas-2sigma/healpix_maps/nside_4096/lightcone0_shells/shell_49/lightcone0.shell_49.0.hdf5
  shell 49: streamed sum=1.7939 (55s)
  shell 50: streaming FLAMINGO/L1_m9/fgas-2sigma/healpix_maps/nside_4096/lightcone0_shells/shell_50/lightcone0.shell_50.0.hdf5
  shell 50: streamed sum=1.6958 (56s)
group 11: wrote comptonY_fgas-2sigma_lc0_nside4096_rotgroup11_shells43-50.fits  sum(y)=16.4426  (458s)
group 12: shells 51-59  theta=2.69302 phi=2.35895  z=[2.550,3.000]
  shell 51: streaming FLAMINGO/L1_m9/fgas-2sigma/healpix_maps/nside_4096/lightcone0_shells/shell_51/lightcone0.shell_51.0.hdf5
  shell 51: streamed sum=1.6082 (54s)
  shell 52: streaming FLAMINGO/L1_m9/fgas-2sigma/healpix_maps/nside_4096/lightcone0_shells/shell_52/lightcone0.shell_52.0.hdf5
  shell 52: streamed sum=1.5202 (58s)
  shell 53: streaming FLAMINGO/L1_m9/fgas-2sigma/healpix_maps/nside_4096/lightcone0_shells/shell_53/lightcone0.shell_53.0.hdf5
  shell 53: streamed sum=1.4430 (28s)
  shell 54: streaming FLAMINGO/L1_m9/fgas-2sigma/healpix_maps/nside_4096/lightcone0_shells/shell_54/lightcone0.shell_54.0.hdf5
  shell 54: streamed sum=1.3727 (55s)
  shell 55: streaming FLAMINGO/L1_m9/fgas-2sigma/healpix_maps/nside_4096/lightcone0_shells/shell_55/lightcone0.shell_55.0.hdf5
  shell 55: streamed sum=1.2974 (32s)
  shell 56: streaming FLAMINGO/L1_m9/fgas-2sigma/healpix_maps/nside_4096/lightcone0_shells/shell_56/lightcone0.shell_56.0.hdf5
  shell 56: streamed sum=1.2300 (51s)
  shell 57: streaming FLAMINGO/L1_m9/fgas-2sigma/healpix_maps/nside_4096/lightcone0_shells/shell_57/lightcone0.shell_57.0.hdf5
  shell 57: streamed sum=1.1695 (34s)
  shell 58: streaming FLAMINGO/L1_m9/fgas-2sigma/healpix_maps/nside_4096/lightcone0_shells/shell_58/lightcone0.shell_58.0.hdf5
  shell 58: streamed sum=1.1090 (50s)
  shell 59: streaming FLAMINGO/L1_m9/fgas-2sigma/healpix_maps/nside_4096/lightcone0_shells/shell_59/lightcone0.shell_59.0.hdf5
  shell 59: streamed sum=1.0538 (34s)
group 12: wrote comptonY_fgas-2sigma_lc0_nside4096_rotgroup12_shells51-59.fits  sum(y)=11.8039  (402s)
Wrote /rds/rds-lxu/flamingo/L1_m9/maps/rotation_groups/rotation_groups_fgas-2sigma_lc0.json
